<html>
<body>
<pre>
<h1>礦ision Build Log</h1>
<h2>Tool Versions:</h2>
IDE-Version: μVision V5.41.0.0
Copyright (C) 2024 ARM Ltd and ARM Germany GmbH. All rights reserved.
License Information: Yaolin Zhao, njust, LIC=HN0AE-5N3R6-TGD7T-R0KR1-XBRKU-UHE44
 
Tool Versions:
Toolchain:       MDK-ARM Plus  Version: 5.41.0.0
Toolchain Path:  D:\Keil_v5\ARM\ARMCLANG\Bin
C Compiler:      ArmClang.exe V6.22
Assembler:       Armasm.exe V6.22
Linker/Locator:  ArmLink.exe V6.22
Library Manager: ArmAr.exe V6.22
Hex Converter:   FromElf.exe V6.22
CPU DLL:         SARMCM3.DLL V5.41.0.0
Dialog DLL:      DARMCM1.DLL V1.19.6.0
Target DLL:      Segger\JL2CM3.dll V2.99.45.0
Dialog DLL:      TARMCM1.DLL V1.14.6.0
 
<h2>Project:</h2>
D:\TI_Competition_project_in_2025\easy-pid-beginner-kit-master\examples\Keil\09_distance_pid\keil\empty_LP_MSPM0G3507_nortos_keil.uvprojx
Project File Date:  07/25/2025

<h2>Output:</h2>
*** Using Compiler 'V6.22', folder: 'D:\Keil_v5\ARM\ARMCLANG\Bin'
Build target 'empty_LP_MSPM0G3507_nortos_keil'
Before Build - User command #1: cmd.exe /C "D:\TI_Competition_project_in_2025\easy-pid-beginner-kit-master\examples\Keil\09_distance_pid\keil\../../syscfg.bat 'D:\TI_Competition_project_in_2025\easy-pid-beginner-kit-master\examples\Keil\09_distance_pid\keil\' empty.syscfg"
Couldn't find Sysconfig Tool "D:\TI\SYSCONFIG\sysconfig_cli.bat"
"Update the file located at <sdk path>/tools/keil/syscfg.bat"
compiling ti_msp_dl_config.c...
compiling mid_timer.c...
compiling mid_debug_led.c...
assembling startup_mspm0g350x_uvision.s...
compiling hw_encoder.c...
compiling mid_button.c...
compiling mid_pid.c...
compiling empty.c...
compiling mid_debug_uart.c...
compiling hw_key.c...
compiling hw_motor.c...
../hardware/hw_lcd.c(2): warning: In file included from...
../hardware\lcdfont.h(405): warning: illegal character encoding in string literal [-Winvalid-source-encoding]
  405 | "<D6><D0>",0x20,0x00,0x20,0x00,0x20,0x00,0xFE,0x03,0x22,0x02,0x22,0x02,0x22,0x02,0xFE,0x03,
      |  ^~~~~~~~
../hardware\lcdfont.h(407): warning: illegal character encoding in string literal [-Winvalid-source-encoding]
  407 | "<BE><B0>",0xFC,0x01,0x04,0x01,0xFC,0x01,0x04,0x01,0xFC,0x01,0x20,0x00,0xFF,0x07,0x04,0x01,
      |  ^~~~~~~~
../hardware\lcdfont.h(411): warning: illegal character encoding in string literal [-Winvalid-source-encoding]
  411 | "<B5><E7>",0x10,0x00,0x10,0x00,0xFF,0x01,0x11,0x01,0x11,0x01,0xFF,0x01,0x11,0x01,0x11,0x01,
      |  ^~~~~~~~
../hardware\lcdfont.h(413): warning: illegal character encoding in string literal [-Winvalid-source-encoding]
  413 | "<D7><D3>",0x00,0x00,0xFC,0x01,0x80,0x00,0x40,0x00,0x20,0x00,0x20,0x00,0xFF,0x07,0x20,0x00,
      |  ^~~~~~~~
../hardware\lcdfont.h(430): warning: illegal character encoding in string literal [-Winvalid-source-encoding]
  430 | "<C1><A2>",0x40,0x00,0x80,0x00,0x80,0x00,0x00,0x00,0xFE,0x3F,0x00,0x00,0x00,0x08,0x08,0x08,
      |  ^~~~~~~~
../hardware\lcdfont.h(433): warning: illegal character encoding in string literal [-Winvalid-source-encoding]
  433 | "<B4><B4>",0x10,0x20,0x10,0x20,0x28,0x20,0x48,0x24,0x84,0x24,0x02,0x25,0x7D,0x24,0x44,0x24,
      |  ^~~~~~~~
../hardware\lcdfont.h(436): warning: illegal character encoding in string literal [-Winvalid-source-encoding]
  436 | "<BF><AA>",0x00,0x00,0xFE,0x3F,0x10,0x04,0x10,0x04,0x10,0x04,0x10,0x04,0x10,0x04,0xFF,0x7F,
      |  ^~~~~~~~
../hardware\lcdfont.h(439): warning: illegal character encoding in string literal [-Winvalid-source-encoding]
  439 | "<B7><A2>",0x80,0x00,0x88,0x08,0x88,0x10,0x44,0x00,0xFC,0x3F,0x40,0x00,0x20,0x00,0xE0,0x1F,
      |  ^~~~~~~~
../hardware\lcdfont.h(442): warning: illegal character encoding in string literal [-Winvalid-source-encoding]
  442 | "<B0><E5>",0x08,0x10,0x08,0x38,0x88,0x07,0x88,0x00,0xBF,0x00,0x88,0x3F,0x8C,0x22,0x9C,0x22,
      |  ^~~~~~~~
../hardware\lcdfont.h(445): warning: illegal character encoding in string literal [-Winvalid-source-encoding]
  445 | "<BC><F2>",0x04,0x02,0xFC,0x7E,0x12,0x09,0xA1,0x10,0x08,0x00,0xD0,0x1F,0x04,0x10,0xE4,0x13,
      |  ^~~~~~~~
../hardware\lcdfont.h(448): warning: illegal character encoding in string literal [-Winvalid-source-encoding]
  448 | "<D2><D7>",0xF0,0x0F,0x10,0x08,0x10,0x08,0xF0,0x0F,0x10,0x08,0x10,0x08,0xF0,0x0F,0x20,0x00,
      |  ^~~~~~~~
../hardware\lcdfont.h(451): warning: illegal character encoding in string literal [-Winvalid-source-encoding]
  451 | "<C8><EB>",0x20,0x00,0x40,0x00,0x80,0x00,0x80,0x00,0x80,0x00,0x40,0x01,0x40,0x01,0x40,0x01,
      |  ^~~~~~~~
../hardware\lcdfont.h(454): warning: illegal character encoding in string literal [-Winvalid-source-encoding]
  454 | "<C3><C5>",0x04,0x00,0xC8,0x3F,0x08,0x20,0x02,0x20,0x02,0x20,0x02,0x20,0x02,0x20,0x02,0x20,
      |  ^~~~~~~~
../hardware\lcdfont.h(457): warning: illegal character encoding in string literal [-Winvalid-source-encoding]
  457 | "<CC><D7>",0x80,0x00,0x80,0x00,0xFE,0x3F,0x40,0x01,0x20,0x02,0xF0,0x0F,0x2C,0x18,0xE3,0x67,
      |  ^~~~~~~~
../hardware\lcdfont.h(460): warning: illegal character encoding in string literal [-Winvalid-source-encoding]
  460 | "<BC><FE>",0x10,0x04,0x10,0x04,0x90,0x04,0x88,0x04,0x88,0x3F,0x4C,0x04,0x4C,0x04,0x2A,0x04,
      |  ^~~~~~~~
../hardware\lcdfont.h(477): warning: illegal character encoding in string literal [-Winvalid-source-encoding]
  477 | "<B6><A8>",0x00,0x00,0x00,0x00,0x00,0x00,0x00,0x18,0x00,0x00,0x18,0x00,0xFC,0xFF,0x3F,0xFC,
      |  ^~~~~~~~
../hardware\lcdfont.h(484): warning: illegal character encoding in string literal [-Winvalid-source-encoding]
  484 | "<CB><D9>",0x00,0x00,0x00,0x00,0xC0,0x00,0x00,0xC0,0x00,0x18,0xC0,0x00,0x38,0xFF,0x3F,0x70,
      |  ^~~~~~~~
../hardware\lcdfont.h(491): warning: illegal character encoding in string literal [-Winvalid-source-encoding]
  491 | "<BE><E0>",0x00,0x00,0x00,0x00,0x00,0x00,0x00,0x00,0x00,0xF8,0xF3,0x3F,0xF8,0xF3,0x3F,0x18,
      |  ^~~~~~~~
../hardware\lcdfont.h(510): warning: illegal character encoding in string literal [-Winvalid-source-encoding]
  510 | "<D6><D0>",0x00,0x00,0x00,0x00,0x00,0x00,0x00,0x00,0x00,0x80,0x00,0x00,0x00,0x80,0x01,0x00,
      |  ^~~~~~~~
19 warnings generated.
compiling hw_lcd.c...
compiling app_sys_mode.c...
compiling app_key_task.c...
../app/app_ui.c(94): warning: illegal character encoding in string literal [-Winvalid-source-encoding]
   94 |     disp_x_center(3,5,BLUE,16,(unsigned char *)"<C1><A2><B4><B4><BF><AA><B7><A2><B0><E5>");
      |                                                 ^~~~~~~~~~~~~~~~~~~~~~~~~~~~~~~~~~~~~~~~
../app/app_ui.c(96): warning: illegal character encoding in string literal [-Winvalid-source-encoding]
   96 |     disp_x_center(3+16+3,8,BLUE,16,(unsigned char *)"<BC><F2><D2><D7>PID<C8><EB><C3><C5><CC><U+05FC><FE>");
      |                                                      ^~~~~~~~~~~~~~~~   ~~~~~~~~~~~~~~~~~~~~        ~~~~
../app/app_ui.c(103): warning: illegal character encoding in string literal [-Winvalid-source-encoding]
  103 |     disp_string_rect(x, x_offset, y, y_offset, 2, 24, "<B6><A8><CB><D9>", BLUE);
      |                                                        ^~~~~~~~~~~~~~~~
../app/app_ui.c(103): warning: passing 'char[5]' to parameter of type 'unsigned char *' converts between pointers to integer types where one is of the unique plain 'char' type and the other is not [-Wpointer-sign]
  103 |     disp_string_rect(x, x_offset, y, y_offset, 2, 24, "<B6><A8><CB><D9>", BLUE);
      |                                                       ^~~~~~~~~~~~~~~~~~
../app/app_ui.c(42): note: passing argument to parameter 'str' here
   42 | void disp_string_rect(int x, int w, int y, int h, int str_len, int sizey, unsigned char* str, int color)
      |                                                                                          ^
../app/app_ui.c(109): warning: illegal character encoding in string literal [-Winvalid-source-encoding]
  109 |     disp_string_rect(x2, x2_offset, y2, y2_offset, 2, 24, "<B6><A8><BE><E0>", BLUE);
      |                                                            ^~~~~~~~~~~~~~~~
../app/app_ui.c(109): warning: passing 'char[5]' to parameter of type 'unsigned char *' converts between pointers to integer types where one is of the unique plain 'char' type and the other is not [-Wpointer-sign]
  109 |     disp_string_rect(x2, x2_offset, y2, y2_offset, 2, 24, "<B6><A8><BE><E0>", BLUE);
      |                                                           ^~~~~~~~~~~~~~~~~~
../app/app_ui.c(42): note: passing argument to parameter 'str' here
   42 | void disp_string_rect(int x, int w, int y, int h, int str_len, int sizey, unsigned char* str, int color)
      |                                                                                          ^
../app/app_ui.c(191): warning: passing 'char[8]' to parameter of type 'const unsigned char *' converts between pointers to integer types where one is of the unique plain 'char' type and the other is not [-Wpointer-sign]
  191 |     LCD_ShowString(20,170-34,"Speed: ",WHITE,BLUE,24,1);
      |                              ^~~~~~~~~
../hardware\hw_lcd.h(42): note: passing argument to parameter 'p' here
   42 | void LCD_ShowString(unsigned int x,unsigned int y,const unsigned char *p,unsigned int fc,unsigned int bc,unsigned char sizey,unsigned char mode);//<CF><D4>示<D7>址<FB><B4><AE>
      |                                                                        ^
../app/app_ui.c(192): warning: passing 'char[9]' to parameter of type 'const unsigned char *' converts between pointers to integer types where one is of the unique plain 'char' type and the other is not [-Wpointer-sign]
  192 |     LCD_ShowString(320-150,170-34,"Target: ",WHITE,BLUE,24,1);
      |                                   ^~~~~~~~~~
../hardware\hw_lcd.h(42): note: passing argument to parameter 'p' here
   42 | void LCD_ShowString(unsigned int x,unsigned int y,const unsigned char *p,unsigned int fc,unsigned int bc,unsigned char sizey,unsigned char mode);//<CF><D4>示<D7>址<FB><B4><AE>
      |                                                                        ^
../app/app_ui.c(232): warning: passing 'unsigned char[50]' to parameter of type 'char *' converts between pointers to integer types where one is of the unique plain 'char' type and the other is not [-Wpointer-sign]
  232 |         sprintf(show_buff, " %.2f ",p);
      |                 ^~~~~~~~~
D:\Keil_v5\ARM\ARMCLANG\bin\..\include\stdio.h(417): note: passing argument to parameter here
  417 | extern _ARMABI int sprintf(char * __restrict /*s*/, const char * __restrict /*format*/, ...) __attribute__((__nonnull__(1,2)));
      |                                                   ^
../app/app_ui.c(233): warning: passing 'unsigned char[50]' to parameter of type 'const char *' converts between pointers to integer types where one is of the unique plain 'char' type and the other is not [-Wpointer-sign]
  233 |         txt_size = strlen(show_buff) * char_width_pixel;
      |                           ^~~~~~~~~
D:\Keil_v5\ARM\ARMCLANG\bin\..\include\string.h(335): note: passing argument to parameter here
  335 | extern _ARMABI size_t strlen(const char * /*s*/) __attribute__((__nonnull__(1)));
      |                                                ^
../app/app_ui.c(241): warning: passing 'unsigned char[50]' to parameter of type 'char *' converts between pointers to integer types where one is of the unique plain 'char' type and the other is not [-Wpointer-sign]
  241 |         sprintf(show_buff, " %.2f ",i);
      |                 ^~~~~~~~~
D:\Keil_v5\ARM\ARMCLANG\bin\..\include\stdio.h(417): note: passing argument to parameter here
  417 | extern _ARMABI int sprintf(char * __restrict /*s*/, const char * __restrict /*format*/, ...) __attribute__((__nonnull__(1,2)));
      |                                                   ^
../app/app_ui.c(242): warning: passing 'unsigned char[50]' to parameter of type 'const char *' converts between pointers to integer types where one is of the unique plain 'char' type and the other is not [-Wpointer-sign]
  242 |         txt_size = strlen(show_buff) * char_width_pixel;
      |                           ^~~~~~~~~
D:\Keil_v5\ARM\ARMCLANG\bin\..\include\string.h(335): note: passing argument to parameter here
  335 | extern _ARMABI size_t strlen(const char * /*s*/) __attribute__((__nonnull__(1)));
      |                                                ^
../app/app_ui.c(250): warning: passing 'unsigned char[50]' to parameter of type 'char *' converts between pointers to integer types where one is of the unique plain 'char' type and the other is not [-Wpointer-sign]
  250 |         sprintf(show_buff, " %.2f ",d);
      |                 ^~~~~~~~~
D:\Keil_v5\ARM\ARMCLANG\bin\..\include\stdio.h(417): note: passing argument to parameter here
  417 | extern _ARMABI int sprintf(char * __restrict /*s*/, const char * __restrict /*format*/, ...) __attribute__((__nonnull__(1,2)));
      |                                                   ^
../app/app_ui.c(251): warning: passing 'unsigned char[50]' to parameter of type 'const char *' converts between pointers to integer types where one is of the unique plain 'char' type and the other is not [-Wpointer-sign]
  251 |         txt_size = strlen(show_buff) * char_width_pixel;
      |                           ^~~~~~~~~
D:\Keil_v5\ARM\ARMCLANG\bin\..\include\string.h(335): note: passing argument to parameter here
  335 | extern _ARMABI size_t strlen(const char * /*s*/) __attribute__((__nonnull__(1)));
      |                                                ^
../app/app_ui.c(259): warning: passing 'unsigned char[50]' to parameter of type 'char *' converts between pointers to integer types where one is of the unique plain 'char' type and the other is not [-Wpointer-sign]
  259 |         sprintf(show_buff, "%d ",speed);
      |                 ^~~~~~~~~
D:\Keil_v5\ARM\ARMCLANG\bin\..\include\stdio.h(417): note: passing argument to parameter here
  417 | extern _ARMABI int sprintf(char * __restrict /*s*/, const char * __restrict /*format*/, ...) __attribute__((__nonnull__(1,2)));
      |                                                   ^
../app/app_ui.c(265): warning: passing 'unsigned char[50]' to parameter of type 'char *' converts between pointers to integer types where one is of the unique plain 'char' type and the other is not [-Wpointer-sign]
  265 |         sprintf(show_buff, "%d ",target);
      |                 ^~~~~~~~~
D:\Keil_v5\ARM\ARMCLANG\bin\..\include\stdio.h(417): note: passing argument to parameter here
  417 | extern _ARMABI int sprintf(char * __restrict /*s*/, const char * __restrict /*format*/, ...) __attribute__((__nonnull__(1,2)));
      |                                                   ^
../app/app_ui.c(383): warning: passing 'char[8]' to parameter of type 'const unsigned char *' converts between pointers to integer types where one is of the unique plain 'char' type and the other is not [-Wpointer-sign]
  383 |     LCD_ShowString(20,170-34,"Angle: ",WHITE,BLUE,24,1);
      |                              ^~~~~~~~~
../hardware\hw_lcd.h(42): note: passing argument to parameter 'p' here
   42 | void LCD_ShowString(unsigned int x,unsigned int y,const unsigned char *p,unsigned int fc,unsigned int bc,unsigned char sizey,unsigned char mode);//<CF><D4>示<D7>址<FB><B4><AE>
      |                                                                        ^
../app/app_ui.c(384): warning: passing 'char[9]' to parameter of type 'const unsigned char *' converts between pointers to integer types where one is of the unique plain 'char' type and the other is not [-Wpointer-sign]
  384 |     LCD_ShowString(320-150,170-34,"Target: ",WHITE,BLUE,24,1);
      |                                   ^~~~~~~~~~
../hardware\hw_lcd.h(42): note: passing argument to parameter 'p' here
   42 | void LCD_ShowString(unsigned int x,unsigned int y,const unsigned char *p,unsigned int fc,unsigned int bc,unsigned char sizey,unsigned char mode);//<CF><D4>示<D7>址<FB><B4><AE>
      |                                                                        ^
../app/app_ui.c(424): warning: passing 'unsigned char[50]' to parameter of type 'char *' converts between pointers to integer types where one is of the unique plain 'char' type and the other is not [-Wpointer-sign]
  424 |         sprintf(show_buff, " %.2f ",p);
      |                 ^~~~~~~~~
D:\Keil_v5\ARM\ARMCLANG\bin\..\include\stdio.h(417): note: passing argument to parameter here
  417 | extern _ARMABI int sprintf(char * __restrict /*s*/, const char * __restrict /*format*/, ...) __attribute__((__nonnull__(1,2)));
      |                                                   ^
../app/app_ui.c(425): warning: passing 'unsigned char[50]' to parameter of type 'const char *' converts between pointers to integer types where one is of the unique plain 'char' type and the other is not [-Wpointer-sign]
  425 |         txt_size = strlen(show_buff) * char_width_pixel;
      |                           ^~~~~~~~~
D:\Keil_v5\ARM\ARMCLANG\bin\..\include\string.h(335): note: passing argument to parameter here
  335 | extern _ARMABI size_t strlen(const char * /*s*/) __attribute__((__nonnull__(1)));
      |                                                ^
../app/app_ui.c(433): warning: passing 'unsigned char[50]' to parameter of type 'char *' converts between pointers to integer types where one is of the unique plain 'char' type and the other is not [-Wpointer-sign]
  433 |         sprintf(show_buff, " %.2f ",i);
      |                 ^~~~~~~~~
D:\Keil_v5\ARM\ARMCLANG\bin\..\include\stdio.h(417): note: passing argument to parameter here
  417 | extern _ARMABI int sprintf(char * __restrict /*s*/, const char * __restrict /*format*/, ...) __attribute__((__nonnull__(1,2)));
      |                                                   ^
../app/app_ui.c(434): warning: passing 'unsigned char[50]' to parameter of type 'const char *' converts between pointers to integer types where one is of the unique plain 'char' type and the other is not [-Wpointer-sign]
  434 |         txt_size = strlen(show_buff) * char_width_pixel;
      |                           ^~~~~~~~~
D:\Keil_v5\ARM\ARMCLANG\bin\..\include\string.h(335): note: passing argument to parameter here
  335 | extern _ARMABI size_t strlen(const char * /*s*/) __attribute__((__nonnull__(1)));
      |                                                ^
../app/app_ui.c(442): warning: passing 'unsigned char[50]' to parameter of type 'char *' converts between pointers to integer types where one is of the unique plain 'char' type and the other is not [-Wpointer-sign]
  442 |         sprintf(show_buff, " %.2f ",d);
      |                 ^~~~~~~~~
D:\Keil_v5\ARM\ARMCLANG\bin\..\include\stdio.h(417): note: passing argument to parameter here
  417 | extern _ARMABI int sprintf(char * __restrict /*s*/, const char * __restrict /*format*/, ...) __attribute__((__nonnull__(1,2)));
      |                                                   ^
../app/app_ui.c(443): warning: passing 'unsigned char[50]' to parameter of type 'const char *' converts between pointers to integer types where one is of the unique plain 'char' type and the other is not [-Wpointer-sign]
  443 |         txt_size = strlen(show_buff) * char_width_pixel;
      |                           ^~~~~~~~~
D:\Keil_v5\ARM\ARMCLANG\bin\..\include\string.h(335): note: passing argument to parameter here
  335 | extern _ARMABI size_t strlen(const char * /*s*/) __attribute__((__nonnull__(1)));
      |                                                ^
../app/app_ui.c(451): warning: passing 'unsigned char[50]' to parameter of type 'char *' converts between pointers to integer types where one is of the unique plain 'char' type and the other is not [-Wpointer-sign]
  451 |         sprintf(show_buff, "%d ",distance);
      |                 ^~~~~~~~~
D:\Keil_v5\ARM\ARMCLANG\bin\..\include\stdio.h(417): note: passing argument to parameter here
  417 | extern _ARMABI int sprintf(char * __restrict /*s*/, const char * __restrict /*format*/, ...) __attribute__((__nonnull__(1,2)));
      |                                                   ^
../app/app_ui.c(457): warning: passing 'unsigned char[50]' to parameter of type 'char *' converts between pointers to integer types where one is of the unique plain 'char' type and the other is not [-Wpointer-sign]
  457 |         sprintf(show_buff, "%d ",target);
      |                 ^~~~~~~~~
D:\Keil_v5\ARM\ARMCLANG\bin\..\include\stdio.h(417): note: passing argument to parameter here
  417 | extern _ARMABI int sprintf(char * __restrict /*s*/, const char * __restrict /*format*/, ...) __attribute__((__nonnull__(1,2)));
      |                                                   ^
26 warnings generated.
compiling app_ui.c...
compiling app_speed_pid.c...
compiling app_distance_pid.c...
linking...
Program Size: Code=24004 RO-data=14556 RW-data=12 ZI-data=1852  
FromELF: creating hex file...
".\Objects\empty_LP_MSPM0G3507_nortos_keil.axf" - 0 Error(s), 45 Warning(s).

<h2>Software Packages used:</h2>

Package Vendor: TexasInstruments
                https://software-dl.ti.com/msp430/esd/MSPM0-CMSIS/MSPM0G1X0X_G3X0X/latest/exports/TexasInstruments.MSPM0G1X0X_G3X0X_DFP.1.3.1.pack
                TexasInstruments::MSPM0G1X0X_G3X0X_DFP@1.3.1
                Device Family Pack for Texas Instruments MSPM0G1X0X_G3X0X Series

<h2>Collection of Component include folders:</h2>

<h2>Collection of Component Files used:</h2>
Build Time Elapsed:  00:00:02
</pre>
</body>
</html>
