Component: ARM Compiler 5.06 update 7 (build 960) Tool: armlink [4d3601]

==============================================================================

Section Cross References

    startup_stm32f407xx.o(STACK) refers (Special) to heapauxi.o(.text) for __use_two_region_memory
    startup_stm32f407xx.o(HEAP) refers (Special) to heapauxi.o(.text) for __use_two_region_memory
    startup_stm32f407xx.o(RESET) refers (Special) to heapauxi.o(.text) for __use_two_region_memory
    startup_stm32f407xx.o(RESET) refers to startup_stm32f407xx.o(STACK) for __initial_sp
    startup_stm32f407xx.o(RESET) refers to startup_stm32f407xx.o(.text) for Reset_Handler
    startup_stm32f407xx.o(RESET) refers to stm32f4xx_it.o(i.NMI_Handler) for NMI_Handler
    startup_stm32f407xx.o(RESET) refers to stm32f4xx_it.o(i.HardFault_Handler) for HardFault_Handler
    startup_stm32f407xx.o(RESET) refers to stm32f4xx_it.o(i.MemManage_Handler) for MemManage_Handler
    startup_stm32f407xx.o(RESET) refers to stm32f4xx_it.o(i.BusFault_Handler) for BusFault_Handler
    startup_stm32f407xx.o(RESET) refers to stm32f4xx_it.o(i.UsageFault_Handler) for UsageFault_Handler
    startup_stm32f407xx.o(RESET) refers to port.o(.emb_text) for SVC_Handler
    startup_stm32f407xx.o(RESET) refers to stm32f4xx_it.o(i.DebugMon_Handler) for DebugMon_Handler
    startup_stm32f407xx.o(RESET) refers to cmsis_os2.o(i.SysTick_Handler) for SysTick_Handler
    startup_stm32f407xx.o(RESET) refers to stm32f4xx_it.o(i.USART2_IRQHandler) for USART2_IRQHandler
    startup_stm32f407xx.o(RESET) refers to stm32f4xx_it.o(i.TIM6_DAC_IRQHandler) for TIM6_DAC_IRQHandler
    startup_stm32f407xx.o(.text) refers (Special) to heapauxi.o(.text) for __use_two_region_memory
    startup_stm32f407xx.o(.text) refers to system_stm32f4xx.o(i.SystemInit) for SystemInit
    startup_stm32f407xx.o(.text) refers to __main.o(!!!main) for __main
    startup_stm32f407xx.o(.text) refers to startup_stm32f407xx.o(HEAP) for Heap_Mem
    startup_stm32f407xx.o(.text) refers to startup_stm32f407xx.o(STACK) for Stack_Mem
    main.o(i.HAL_TIM_PeriodElapsedCallback) refers to stm32f4xx_hal.o(i.HAL_IncTick) for HAL_IncTick
    main.o(i.SystemClock_Config) refers to rt_memclr_w.o(.text) for __aeabi_memclr4
    main.o(i.SystemClock_Config) refers to stm32f4xx_hal_rcc.o(i.HAL_RCC_OscConfig) for HAL_RCC_OscConfig
    main.o(i.SystemClock_Config) refers to stm32f4xx_hal_rcc.o(i.HAL_RCC_ClockConfig) for HAL_RCC_ClockConfig
    main.o(i.main) refers to stm32f4xx_hal.o(i.HAL_Init) for HAL_Init
    main.o(i.main) refers to main.o(i.SystemClock_Config) for SystemClock_Config
    main.o(i.main) refers to gpio.o(i.MX_GPIO_Init) for MX_GPIO_Init
    main.o(i.main) refers to usart.o(i.MX_USART1_UART_Init) for MX_USART1_UART_Init
    main.o(i.main) refers to usart.o(i.MX_USART2_UART_Init) for MX_USART2_UART_Init
    main.o(i.main) refers to bsp_usart.o(i.BSP_USART_Init) for BSP_USART_Init
    main.o(i.main) refers to gimbal_motor.o(i.GimbalMotor_QueueInit) for GimbalMotor_QueueInit
    main.o(i.main) refers to stm32f4xx_hal_uart.o(i.HAL_UART_Receive_IT) for HAL_UART_Receive_IT
    main.o(i.main) refers to cmsis_os2.o(i.osKernelInitialize) for osKernelInitialize
    main.o(i.main) refers to freertos.o(i.MX_FREERTOS_Init) for MX_FREERTOS_Init
    main.o(i.main) refers to cmsis_os2.o(i.osKernelStart) for osKernelStart
    main.o(i.main) refers to device_reader.o(.data) for uart_rx_byte
    main.o(i.main) refers to usart.o(.bss) for huart2
    freertos.o(i.GimbalMotor_Task) refers to cmsis_os2.o(i.osDelay) for osDelay
    freertos.o(i.MX_FREERTOS_Init) refers to cmsis_os2.o(i.osThreadNew) for osThreadNew
    freertos.o(i.MX_FREERTOS_Init) refers to freertos.o(.constdata) for .constdata
    freertos.o(i.MX_FREERTOS_Init) refers to freertos.o(i.StartDefaultTask) for StartDefaultTask
    freertos.o(i.MX_FREERTOS_Init) refers to freertos.o(.data) for .data
    freertos.o(i.MX_FREERTOS_Init) refers to gimbal_motor.o(i.GimbalMotor_Task) for GimbalMotor_Task
    freertos.o(i.MX_FREERTOS_Init) refers to gimbal_motor.o(i.MyControlTask) for MyControlTask
    freertos.o(i.MyControlTask) refers to cmsis_os2.o(i.osDelay) for osDelay
    freertos.o(i.StartDefaultTask) refers to cmsis_os2.o(i.osDelay) for osDelay
    freertos.o(.constdata) refers to freertos.o(.conststring) for .conststring
    usart.o(i.HAL_UART_MspDeInit) refers to stm32f4xx_hal_gpio.o(i.HAL_GPIO_DeInit) for HAL_GPIO_DeInit
    usart.o(i.HAL_UART_MspDeInit) refers to stm32f4xx_hal_cortex.o(i.HAL_NVIC_DisableIRQ) for HAL_NVIC_DisableIRQ
    usart.o(i.HAL_UART_MspInit) refers to rt_memclr_w.o(.text) for __aeabi_memclr4
    usart.o(i.HAL_UART_MspInit) refers to stm32f4xx_hal_gpio.o(i.HAL_GPIO_Init) for HAL_GPIO_Init
    usart.o(i.HAL_UART_MspInit) refers to stm32f4xx_hal_cortex.o(i.HAL_NVIC_SetPriority) for HAL_NVIC_SetPriority
    usart.o(i.HAL_UART_MspInit) refers to stm32f4xx_hal_cortex.o(i.HAL_NVIC_EnableIRQ) for HAL_NVIC_EnableIRQ
[...]
    i.DebugMon_Handler                       0x08000632   Section        0  stm32f4xx_it.o(i.DebugMon_Handler)
    i.Error_Handler                          0x08000634   Section        0  main.o(i.Error_Handler)
    i.GimbalMotor_QueueInit                  0x08000638   Section        0  gimbal_motor.o(i.GimbalMotor_QueueInit)
    i.GimbalMotor_SendCmd                    0x08000650   Section        0  gimbal_motor.o(i.GimbalMotor_SendCmd)
    i.GimbalMotor_Task                       0x08000674   Section        0  gimbal_motor.o(i.GimbalMotor_Task)
    i.HAL_DMA_Abort                          0x080006ec   Section        0  stm32f4xx_hal_dma.o(i.HAL_DMA_Abort)
    i.HAL_DMA_Abort_IT                       0x0800077e   Section        0  stm32f4xx_hal_dma.o(i.HAL_DMA_Abort_IT)
    i.HAL_GPIO_Init                          0x080007a4   Section        0  stm32f4xx_hal_gpio.o(i.HAL_GPIO_Init)
    i.HAL_GetTick                            0x08000974   Section        0  stm32f4xx_hal.o(i.HAL_GetTick)
    i.HAL_IncTick                            0x08000980   Section        0  stm32f4xx_hal.o(i.HAL_IncTick)
    i.HAL_Init                               0x08000990   Section        0  stm32f4xx_hal.o(i.HAL_Init)
    i.HAL_InitTick                           0x080009c4   Section        0  stm32f4xx_hal_timebase_tim.o(i.HAL_InitTick)
    i.HAL_MspInit                            0x08000a5c   Section        0  stm32f4xx_hal_msp.o(i.HAL_MspInit)
    i.HAL_NVIC_EnableIRQ                     0x08000a94   Section        0  stm32f4xx_hal_cortex.o(i.HAL_NVIC_EnableIRQ)
    i.HAL_NVIC_SetPriority                   0x08000ab0   Section        0  stm32f4xx_hal_cortex.o(i.HAL_NVIC_SetPriority)
    i.HAL_NVIC_SetPriorityGrouping           0x08000af0   Section        0  stm32f4xx_hal_cortex.o(i.HAL_NVIC_SetPriorityGrouping)
    i.HAL_RCC_ClockConfig                    0x08000b14   Section        0  stm32f4xx_hal_rcc.o(i.HAL_RCC_ClockConfig)
    i.HAL_RCC_GetClockConfig                 0x08000c48   Section        0  stm32f4xx_hal_rcc.o(i.HAL_RCC_GetClockConfig)
    i.HAL_RCC_GetPCLK1Freq                   0x08000c88   Section        0  stm32f4xx_hal_rcc.o(i.HAL_RCC_GetPCLK1Freq)
    i.HAL_RCC_GetPCLK2Freq                   0x08000ca8   Section        0  stm32f4xx_hal_rcc.o(i.HAL_RCC_GetPCLK2Freq)
    i.HAL_RCC_GetSysClockFreq                0x08000cc8   Section        0  stm32f4xx_hal_rcc.o(i.HAL_RCC_GetSysClockFreq)
    i.HAL_RCC_OscConfig                      0x08000d2c   Section        0  stm32f4xx_hal_rcc.o(i.HAL_RCC_OscConfig)
    i.HAL_TIMEx_BreakCallback                0x08001084   Section        0  stm32f4xx_hal_tim_ex.o(i.HAL_TIMEx_BreakCallback)
    i.HAL_TIMEx_CommutCallback               0x08001086   Section        0  stm32f4xx_hal_tim_ex.o(i.HAL_TIMEx_CommutCallback)
    i.HAL_TIM_Base_Init                      0x08001088   Section        0  stm32f4xx_hal_tim.o(i.HAL_TIM_Base_Init)
    i.HAL_TIM_Base_MspInit                   0x080010e2   Section        0  stm32f4xx_hal_tim.o(i.HAL_TIM_Base_MspInit)
    i.HAL_TIM_Base_Start_IT                  0x080010e4   Section        0  stm32f4xx_hal_tim.o(i.HAL_TIM_Base_Start_IT)
    i.HAL_TIM_IC_CaptureCallback             0x08001164   Section        0  stm32f4xx_hal_tim.o(i.HAL_TIM_IC_CaptureCallback)
    i.HAL_TIM_IRQHandler                     0x08001166   Section        0  stm32f4xx_hal_tim.o(i.HAL_TIM_IRQHandler)
    i.HAL_TIM_OC_DelayElapsedCallback        0x08001296   Section        0  stm32f4xx_hal_tim.o(i.HAL_TIM_OC_DelayElapsedCallback)
    i.HAL_TIM_PWM_PulseFinishedCallback      0x08001298   Section        0  stm32f4xx_hal_tim.o(i.HAL_TIM_PWM_PulseFinishedCallback)
    i.HAL_TIM_PeriodElapsedCallback          0x0800129c   Section        0  main.o(i.HAL_TIM_PeriodElapsedCallback)
    i.HAL_TIM_TriggerCallback                0x080012b0   Section        0  stm32f4xx_hal_tim.o(i.HAL_TIM_TriggerCallback)
    i.HAL_UARTEx_RxEventCallback             0x080012b2   Section        0  stm32f4xx_hal_uart.o(i.HAL_UARTEx_RxEventCallback)
    i.HAL_UART_ErrorCallback                 0x080012b4   Section        0  stm32f4xx_hal_uart.o(i.HAL_UART_ErrorCallback)
    i.HAL_UART_IRQHandler                    0x080012b8   Section        0  stm32f4xx_hal_uart.o(i.HAL_UART_IRQHandler)
    i.HAL_UART_Init                          0x08001538   Section        0  stm32f4xx_hal_uart.o(i.HAL_UART_Init)
    i.HAL_UART_MspInit                       0x0800159c   Section        0  usart.o(i.HAL_UART_MspInit)
    i.HAL_UART_Receive_IT                    0x08001654   Section        0  stm32f4xx_hal_uart.o(i.HAL_UART_Receive_IT)
    i.HAL_UART_RxCpltCallback                0x08001670   Section        0  device_reader.o(i.HAL_UART_RxCpltCallback)
    i.HAL_UART_Transmit                      0x080016d0   Section        0  stm32f4xx_hal_uart.o(i.HAL_UART_Transmit)
    i.HAL_UART_TxCpltCallback                0x08001770   Section        0  stm32f4xx_hal_uart.o(i.HAL_UART_TxCpltCallback)
    i.HardFault_Handler                      0x08001772   Section        0  stm32f4xx_it.o(i.HardFault_Handler)
    i.MX_FREERTOS_Init                       0x08001774   Section        0  freertos.o(i.MX_FREERTOS_Init)
    i.MX_GPIO_Init                           0x080017b8   Section        0  gpio.o(i.MX_GPIO_Init)
    i.MX_USART1_UART_Init                    0x080017e4   Section        0  usart.o(i.MX_USART1_UART_Init)
    i.MX_USART2_UART_Init                    0x0800181c   Section        0  usart.o(i.MX_USART2_UART_Init)
    i.MemManage_Handler                      0x08001854   Section        0  stm32f4xx_it.o(i.MemManage_Handler)
    i.MyControlTask                          0x08001856   Section        0  gimbal_motor.o(i.MyControlTask)
    i.NMI_Handler                            0x0800189e   Section        0  stm32f4xx_it.o(i.NMI_Handler)
    i.StartDefaultTask                       0x080018a0   Section        0  freertos.o(i.StartDefaultTask)
    i.SysTick_Handler                        0x080018a8   Section        0  cmsis_os2.o(i.SysTick_Handler)
    i.SystemClock_Config                     0x080018c4   Section        0  main.o(i.SystemClock_Config)
    i.SystemInit                             0x08001958   Section        0  system_stm32f4xx.o(i.SystemInit)
    i.TIM6_DAC_IRQHandler                    0x08001968   Section        0  stm32f4xx_it.o(i.TIM6_DAC_IRQHandler)
    i.TIM_Base_SetConfig                     0x08001974   Section        0  stm32f4xx_hal_tim.o(i.TIM_Base_SetConfig)
    i.UART_DMAAbortOnError                   0x08001a44   Section        0  stm32f4xx_hal_uart.o(i.UART_DMAAbortOnError)
    UART_DMAAbortOnError                     0x08001a45   Thumb Code    14  stm32f4xx_hal_uart.o(i.UART_DMAAbortOnError)
    i.UART_EndRxTransfer                     0x08001a52   Section        0  stm32f4xx_hal_uart.o(i.UART_EndRxTransfer)
    UART_EndRxTransfer                       0x08001a53   Thumb Code    78  stm32f4xx_hal_uart.o(i.UART_EndRxTransfer)
    i.UART_Receive_IT                        0x08001aa0   Section        0  stm32f4xx_hal_uart.o(i.UART_Receive_IT)
    UART_Receive_IT                          0x08001aa1   Thumb Code   194  stm32f4xx_hal_uart.o(i.UART_Receive_IT)
    i.UART_SetConfig                         0x08001b64   Section        0  stm32f4xx_hal_uart.o(i.UART_SetConfig)
    UART_SetConfig                           0x08001b65   Thumb Code   258  stm32f4xx_hal_uart.o(i.UART_SetConfig)
    i.UART_Start_Receive_IT                  0x08001c70   Section        0  stm32f4xx_hal_uart.o(i.UART_Start_Receive_IT)
    i.UART_WaitOnFlagUntilTimeout            0x08001ca6   Section        0  stm32f4xx_hal_uart.o(i.UART_WaitOnFlagUntilTimeout)
    UART_WaitOnFlagUntilTimeout              0x08001ca7   Thumb Code   112  stm32f4xx_hal_uart.o(i.UART_WaitOnFlagUntilTimeout)
    i.USART2_IRQHandler                      0x08001d18   Section        0  stm32f4xx_it.o(i.USART2_IRQHandler)
    i.UsageFault_Handler                     0x08001d24   Section        0  stm32f4xx_it.o(i.UsageFault_Handler)
    i.__NVIC_SetPriority                     0x08001d26   Section        0  stm32f4xx_hal_cortex.o(i.__NVIC_SetPriority)
    __NVIC_SetPriority                       0x08001d27   Thumb Code    32  stm32f4xx_hal_cortex.o(i.__NVIC_SetPriority)
    i.main                                   0x08001d48   Section        0  main.o(i.main)
    i.osDelay                                0x08001d84   Section        0  cmsis_os2.o(i.osDelay)
    i.osKernelInitialize                     0x08001da0   Section        0  cmsis_os2.o(i.osKernelInitialize)
    i.osKernelStart                          0x08001dc4   Section        0  cmsis_os2.o(i.osKernelStart)
    i.osMessageQueueGet                      0x08001dfc   Section        0  cmsis_os2.o(i.osMessageQueueGet)
    i.osMessageQueueNew                      0x08001e60   Section        0  cmsis_os2.o(i.osMessageQueueNew)
    i.osMessageQueuePut                      0x08001eb8   Section        0  cmsis_os2.o(i.osMessageQueuePut)
    i.osThreadNew                            0x08001f20   Section        0  cmsis_os2.o(i.osThreadNew)
    i.prvAddCurrentTaskToDelayedList         0x08001fa8   Section        0  tasks.o(i.prvAddCurrentTaskToDelayedList)
    prvAddCurrentTaskToDelayedList           0x08001fa9   Thumb Code    84  tasks.o(i.prvAddCurrentTaskToDelayedList)
    i.prvAddNewTaskToReadyList               0x08002004   Section        0  tasks.o(i.prvAddNewTaskToReadyList)
    prvAddNewTaskToReadyList                 0x08002005   Thumb Code   190  tasks.o(i.prvAddNewTaskToReadyList)
    i.prvCheckForValidListAndQueue           0x080020d4   Section        0  timers.o(i.prvCheckForValidListAndQueue)
    prvCheckForValidListAndQueue             0x080020d5   Thumb Code    72  timers.o(i.prvCheckForValidListAndQueue)
    i.prvCopyDataFromQueue                   0x0800212c   Section        0  queue.o(i.prvCopyDataFromQueue)
    prvCopyDataFromQueue                     0x0800212d   Thumb Code    38  queue.o(i.prvCopyDataFromQueue)
    i.prvCopyDataToQueue                     0x08002152   Section        0  queue.o(i.prvCopyDataToQueue)
    prvCopyDataToQueue                       0x08002153   Thumb Code   108  queue.o(i.prvCopyDataToQueue)
    i.prvDeleteTCB                           0x080021be   Section        0  tasks.o(i.prvDeleteTCB)
    prvDeleteTCB                             0x080021bf   Thumb Code    52  tasks.o(i.prvDeleteTCB)
    i.prvHeapInit                            0x080021f4   Section        0  heap_4.o(i.prvHeapInit)
    prvHeapInit                              0x080021f5   Thumb Code    66  heap_4.o(i.prvHeapInit)
    i.prvIdleTask                            0x08002240   Section        0  tasks.o(i.prvIdleTask)
    prvIdleTask                              0x08002241   Thumb Code    80  tasks.o(i.prvIdleTask)
    i.prvInitialiseNewQueue                  0x0800229c   Section        0  queue.o(i.prvInitialiseNewQueue)
    prvInitialiseNewQueue                    0x0800229d   Thumb Code    32  queue.o(i.prvInitialiseNewQueue)
    i.prvInitialiseNewTask                   0x080022bc   Section        0  tasks.o(i.prvInitialiseNewTask)
    prvInitialiseNewTask                     0x080022bd   Thumb Code   170  tasks.o(i.prvInitialiseNewTask)
    i.prvInsertBlockIntoFreeList             0x08002368   Section        0  heap_4.o(i.prvInsertBlockIntoFreeList)
    prvInsertBlockIntoFreeList               0x08002369   Thumb Code    72  heap_4.o(i.prvInsertBlockIntoFreeList)
    i.prvInsertTimerInActiveList             0x080023b4   Section        0  timers.o(i.prvInsertTimerInActiveList)
    prvInsertTimerInActiveList               0x080023b5   Thumb Code    52  timers.o(i.prvInsertTimerInActiveList)
    i.prvIsQueueEmpty                        0x080023ec   Section        0  queue.o(i.prvIsQueueEmpty)
    prvIsQueueEmpty                          0x080023ed   Thumb Code    26  queue.o(i.prvIsQueueEmpty)
    i.prvProcessReceivedCommands             0x08002408   Section        0  timers.o(i.prvProcessReceivedCommands)
    prvProcessReceivedCommands               0x08002409   Thumb Code   248  timers.o(i.prvProcessReceivedCommands)
    i.prvProcessTimerOrBlockTask             0x08002504   Section        0  timers.o(i.prvProcessTimerOrBlockTask)
    prvProcessTimerOrBlockTask               0x08002505   Thumb Code   182  timers.o(i.prvProcessTimerOrBlockTask)
    i.prvResetNextTaskUnblockTime            0x080025c4   Section        0  tasks.o(i.prvResetNextTaskUnblockTime)
    prvResetNextTaskUnblockTime              0x080025c5   Thumb Code    26  tasks.o(i.prvResetNextTaskUnblockTime)
    i.prvSampleTimeNow                       0x080025e4   Section        0  timers.o(i.prvSampleTimeNow)
    prvSampleTimeNow                         0x080025e5   Thumb Code    36  timers.o(i.prvSampleTimeNow)
    i.prvSwitchTimerLists                    0x0800260c   Section        0  timers.o(i.prvSwitchTimerLists)
    prvSwitchTimerLists                      0x0800260d   Thumb Code   104  timers.o(i.prvSwitchTimerLists)
    i.prvTaskExitError                       0x08002678   Section        0  port.o(i.prvTaskExitError)
    prvTaskExitError                         0x08002679   Thumb Code    36  port.o(i.prvTaskExitError)
    i.prvTimerTask                           0x080026a0   Section        0  timers.o(i.prvTimerTask)
    prvTimerTask                             0x080026a1   Thumb Code    34  timers.o(i.prvTimerTask)
    i.prvUnlockQueue                         0x080026c8   Section        0  queue.o(i.prvUnlockQueue)
    prvUnlockQueue                           0x080026c9   Thumb Code   106  queue.o(i.prvUnlockQueue)
    i.pvPortMalloc                           0x08002734   Section        0  heap_4.o(i.pvPortMalloc)
    i.pxPortInitialiseStack                  0x08002810   Section        0  port.o(i.pxPortInitialiseStack)
    i.uxListRemove                           0x0800283c   Section        0  list.o(i.uxListRemove)
    i.vApplicationGetIdleTaskMemory          0x08002864   Section        0  cmsis_os2.o(i.vApplicationGetIdleTaskMemory)
    i.vApplicationGetTimerTaskMemory         0x08002878   Section        0  cmsis_os2.o(i.vApplicationGetTimerTaskMemory)
    i.vListInitialise                        0x08002890   Section        0  list.o(i.vListInitialise)
    i.vListInitialiseItem                    0x080028a6   Section        0  list.o(i.vListInitialiseItem)
    i.vListInsert                            0x080028ac   Section        0  list.o(i.vListInsert)
    i.vListInsertEnd                         0x080028dc   Section        0  list.o(i.vListInsertEnd)
    i.vPortEnterCritical                     0x080028f4   Section        0  port.o(i.vPortEnterCritical)
    i.vPortExitCritical                      0x08002934   Section        0  port.o(i.vPortExitCritical)
    i.vPortFree                              0x0800295c   Section        0  heap_4.o(i.vPortFree)
    i.vPortSetupTimerInterrupt               0x080029c0   Section        0  port.o(i.vPortSetupTimerInterrupt)
    i.vPortValidateInterruptPriority         0x080029e4   Section        0  port.o(i.vPortValidateInterruptPriority)
    i.vQueueAddToRegistry                    0x08002a38   Section        0  queue.o(i.vQueueAddToRegistry)
    i.vQueueWaitForMessageRestricted         0x08002a5c   Section        0  queue.o(i.vQueueWaitForMessageRestricted)
    i.vTaskDelay                             0x08002aa0   Section        0  tasks.o(i.vTaskDelay)
    i.vTaskInternalSetTimeOutState           0x08002aec   Section        0  tasks.o(i.vTaskInternalSetTimeOutState)
    i.vTaskMissedYield                       0x08002afc   Section        0  tasks.o(i.vTaskMissedYield)
    i.vTaskPlaceOnEventList                  0x08002b08   Section        0  tasks.o(i.vTaskPlaceOnEventList)
    i.vTaskPlaceOnEventListRestricted        0x08002b38   Section        0  tasks.o(i.vTaskPlaceOnEventListRestricted)
    i.vTaskStartScheduler                    0x08002b70   Section        0  tasks.o(i.vTaskStartScheduler)
    i.vTaskSuspendAll                        0x08002bf4   Section        0  tasks.o(i.vTaskSuspendAll)
    i.vTaskSwitchContext                     0x08002c04   Section        0  tasks.o(i.vTaskSwitchContext)
    i.xPortStartScheduler                    0x08002c68   Section        0  port.o(i.xPortStartScheduler)
    i.xPortSysTickHandler                    0x08002d5c   Section        0  port.o(i.xPortSysTickHandler)
    i.xQueueGenericCreate                    0x08002d88   Section        0  queue.o(i.xQueueGenericCreate)
    i.xQueueGenericCreateStatic              0x08002dca   Section        0  queue.o(i.xQueueGenericCreateStatic)
    i.xQueueGenericReset                     0x08002e30   Section        0  queue.o(i.xQueueGenericReset)
    i.xQueueGenericSend                      0x08002eb8   Section        0  queue.o(i.xQueueGenericSend)
    i.xQueueGenericSendFromISR               0x0800301c   Section        0  queue.o(i.xQueueGenericSendFromISR)
    i.xQueueReceive                          0x080030dc   Section        0  queue.o(i.xQueueReceive)
    i.xQueueReceiveFromISR                   0x08003214   Section        0  queue.o(i.xQueueReceiveFromISR)
    i.xTaskCheckForTimeOut                   0x080032b0   Section        0  tasks.o(i.xTaskCheckForTimeOut)
    i.xTaskCreate                            0x08003324   Section        0  tasks.o(i.xTaskCreate)
    i.xTaskCreateStatic                      0x0800337e   Section        0  tasks.o(i.xTaskCreateStatic)
    i.xTaskGetSchedulerState                 0x080033d8   Section        0  tasks.o(i.xTaskGetSchedulerState)
    i.xTaskGetTickCount                      0x080033f4   Section        0  tasks.o(i.xTaskGetTickCount)
    i.xTaskIncrementTick                     0x08003400   Section        0  tasks.o(i.xTaskIncrementTick)
    i.xTaskPriorityDisinherit                0x080034c8   Section        0  tasks.o(i.xTaskPriorityDisinherit)
    i.xTaskRemoveFromEventList               0x08003544   Section        0  tasks.o(i.xTaskRemoveFromEventList)
    i.xTaskResumeAll                         0x080035b4   Section        0  tasks.o(i.xTaskResumeAll)
    i.xTimerCreateTimerTask                  0x08003674   Section        0  timers.o(i.xTimerCreateTimerTask)
    i.xTimerGenericCommand                   0x080036d4   Section        0  timers.o(i.xTimerGenericCommand)
    x$fpl$fpinit                             0x08003738   Section       10  fpinit.o(x$fpl$fpinit)
    $v0                                      0x08003738   Number         0  fpinit.o(x$fpl$fpinit)
    .constdata                               0x08003744   Section      108  freertos.o(.constdata)
    .constdata                               0x080037b0   Section       16  system_stm32f4xx.o(.constdata)
    .constdata                               0x080037c0   Section        8  system_stm32f4xx.o(.constdata)
    .conststring                             0x080037c8   Section       36  freertos.o(.conststring)
    .data                                    0x20000000   Section       12  freertos.o(.data)
    .data                                    0x2000000c   Section       12  stm32f4xx_hal.o(.data)
    .data                                    0x20000018   Section        4  system_stm32f4xx.o(.data)
    .data                                    0x2000001c   Section       60  tasks.o(.data)
    uxDeletedTasksWaitingCleanUp             0x20000020   Data           4  tasks.o(.data)
    uxCurrentNumberOfTasks                   0x20000024   Data           4  tasks.o(.data)
    xTickCount                               0x20000028   Data           4  tasks.o(.data)
    uxTopReadyPriority                       0x2000002c   Data           4  tasks.o(.data)
    xSchedulerRunning                        0x20000030   Data           4  tasks.o(.data)
    xPendedTicks                             0x20000034   Data           4  tasks.o(.data)
    xYieldPending                            0x20000038   Data           4  tasks.o(.data)
    xNumOfOverflows                          0x2000003c   Data           4  tasks.o(.data)
    uxTaskNumber                             0x20000040   Data           4  tasks.o(.data)
    xNextTaskUnblockTime                     0x20000044   Data           4  tasks.o(.data)
    xIdleTaskHandle                          0x20000048   Data           4  tasks.o(.data)
    uxSchedulerSuspended                     0x2000004c   Data           4  tasks.o(.data)
    pxDelayedTaskList                        0x20000050   Data           4  tasks.o(.data)
    pxOverflowDelayedTaskList                0x20000054   Data           4  tasks.o(.data)
    .data                                    0x20000058   Section       20  timers.o(.data)
    xTimerQueue                              0x20000058   Data           4  timers.o(.data)
    xTimerTaskHandle                         0x2000005c   Data           4  timers.o(.data)
    xLastTime                                0x20000060   Data           4  timers.o(.data)
    pxCurrentTimerList                       0x20000064   Data           4  timers.o(.data)
    pxOverflowTimerList                      0x20000068   Data           4  timers.o(.data)
    .data                                    0x2000006c   Section        4  cmsis_os2.o(.data)
    KernelState                              0x2000006c   Data           4  cmsis_os2.o(.data)
    .data                                    0x20000070   Section       32  heap_4.o(.data)
    pxEnd                                    0x20000070   Data           4  heap_4.o(.data)
    xFreeBytesRemaining                      0x20000074   Data           4  heap_4.o(.data)
    xMinimumEverFreeBytesRemaining           0x20000078   Data           4  heap_4.o(.data)
    xNumberOfSuccessfulAllocations           0x2000007c   Data           4  heap_4.o(.data)
    xNumberOfSuccessfulFrees                 0x20000080   Data           4  heap_4.o(.data)
    xBlockAllocatedBit                       0x20000084   Data           4  heap_4.o(.data)
    xStart                                   0x20000088   Data           8  heap_4.o(.data)
    .data                                    0x20000090   Section       12  port.o(.data)
    ucMaxSysCallPriority                     0x20000090   Data           1  port.o(.data)
    uxCriticalNesting                        0x20000094   Data           4  port.o(.data)
    ulMaxPRIGROUPValue                       0x20000098   Data           4  port.o(.data)
    .data                                    0x2000009c   Section        4  gimbal_motor.o(.data)
    gimbalCmdQueue                           0x2000009c   Data           4  gimbal_motor.o(.data)
    .data                                    0x200000a0   Section       19  device_reader.o(.data)
    .bss                                     0x200000b4   Section      144  usart.o(.bss)
    .bss                                     0x20000144   Section       72  stm32f4xx_hal_timebase_tim.o(.bss)
    .bss                                     0x2000018c   Section       64  queue.o(.bss)
    .bss                                     0x200001cc   Section     1220  tasks.o(.bss)
    pxReadyTasksLists                        0x200001cc   Data        1120  tasks.o(.bss)
    xDelayedTaskList1                        0x2000062c   Data          20  tasks.o(.bss)
    xDelayedTaskList2                        0x20000640   Data          20  tasks.o(.bss)
    xPendingReadyList                        0x20000654   Data          20  tasks.o(.bss)
    xTasksWaitingTermination                 0x20000668   Data          20  tasks.o(.bss)
    xSuspendedTaskList                       0x2000067c   Data          20  tasks.o(.bss)
    .bss                                     0x20000690   Section      280  timers.o(.bss)
    xStaticTimerQueue                        0x20000690   Data          80  timers.o(.bss)
    ucStaticTimerQueueStorage                0x200006e0   Data         160  timers.o(.bss)
    xActiveTimerList1                        0x20000780   Data          20  timers.o(.bss)
    xActiveTimerList2                        0x20000794   Data          20  timers.o(.bss)
    .bss                                     0x200007a8   Section     1720  cmsis_os2.o(.bss)
    Idle_TCB                                 0x200007a8   Data          92  cmsis_os2.o(.bss)
    Idle_Stack                               0x20000804   Data         512  cmsis_os2.o(.bss)
    Timer_TCB                                0x20000a04   Data          92  cmsis_os2.o(.bss)
    Timer_Stack                              0x20000a60   Data        1024  cmsis_os2.o(.bss)
    .bss                                     0x20000e60   Section    15360  heap_4.o(.bss)
    ucHeap                                   0x20000e60   Data       15360  heap_4.o(.bss)
    .bss                                     0x20004a60   Section       96  libspace.o(.bss)
    HEAP                                     0x20004ac0   Section      512  startup_stm32f407xx.o(HEAP)
    Heap_Mem                                 0x20004ac0   Data         512  startup_stm32f407xx.o(HEAP)
    STACK                                    0x20004cc0   Section     1024  startup_stm32f407xx.o(STACK)
    Stack_Mem                                0x20004cc0   Data        1024  startup_stm32f407xx.o(STACK)
    __initial_sp                             0x200050c0   Data           0  startup_stm32f407xx.o(STACK)

    Global Symbols

    Symbol Name                              Value     Ov Type        Size  Object(Section)

    BuildAttributes$$THM_ISAv4$E$P$D$K$B$S$7EM$VFPi3$EXTD16$VFPS$VFMA$PE$A:L22UL41UL21$X:L11$S22US41US21$IEEE1$IW$USESV6$~STKCKD$USESV7$~SHL$OSPACE$ROPI$EBA8$UX$STANDARDLIB$REQ8$PRES8$EABIv2 0x00000000   Number         0  anon$$obj.o ABSOLUTE
    __ARM_use_no_argv                        0x00000000   Number         0  main.o ABSOLUTE
    __ARM_exceptions_init                     - Undefined Weak Reference
    __alloca_initialize                       - Undefined Weak Reference
    __arm_fini_                               - Undefined Weak Reference
    __arm_preinit_                            - Undefined Weak Reference
    __cpp_initialize__aeabi_                  - Undefined Weak Reference
    __cxa_finalize                            - Undefined Weak Reference
    __rt_locale                               - Undefined Weak Reference
    __sigvec_lookup                           - Undefined Weak Reference
    _atexit_init                              - Undefined Weak Reference
    _call_atexit_fns                          - Undefined Weak Reference
    _clock_init                               - Undefined Weak Reference
    _fp_trap_init                             - Undefined Weak Reference
    _fp_trap_shutdown                         - Undefined Weak Reference
    _get_lc_collate                           - Undefined Weak Reference
    _get_lc_ctype                             - Undefined Weak Reference
    _get_lc_monetary                          - Undefined Weak Reference
    _get_lc_numeric                           - Undefined Weak Reference
    _get_lc_time                              - Undefined Weak Reference
    _getenv_init                              - Undefined Weak Reference
    _handle_redirection                       - Undefined Weak Reference
    _init_alloc                               - Undefined Weak Reference
    _init_user_alloc                          - Undefined Weak Reference
    _initio                                   - Undefined Weak Reference
    _rand_init                                - Undefined Weak Reference
    _signal_finish                            - Undefined Weak Reference
    _signal_init                              - Undefined Weak Reference
    _terminate_alloc                          - Undefined Weak Reference
    _terminate_user_alloc                     - Undefined Weak Reference
    _terminateio                              - Undefined Weak Reference
    __Vectors_Size                           0x00000188   Number         0  startup_stm32f407xx.o ABSOLUTE
    __Vectors                                0x08000000   Data           4  startup_stm32f407xx.o(RESET)
    __Vectors_End                            0x08000188   Data           0  startup_stm32f407xx.o(RESET)
    __main                                   0x08000189   Thumb Code     8  __main.o(!!!main)
    __scatterload                            0x08000191   Thumb Code     0  __scatter.o(!!!scatter)
    __scatterload_rt2                        0x08000191   Thumb Code    44  __scatter.o(!!!scatter)
    __scatterload_rt2_thumb_only             0x08000191   Thumb Code     0  __scatter.o(!!!scatter)
    __scatterload_null                       0x0800019f   Thumb Code     0  __scatter.o(!!!scatter)
    __scatterload_copy                       0x080001c5   Thumb Code    26  __scatter_copy.o(!!handler_copy)
    __scatterload_zeroinit                   0x080001e1   Thumb Code    28  __scatter_zi.o(!!handler_zi)
    __rt_lib_init                            0x080001fd   Thumb Code     0  libinit.o(.ARM.Collect$$libinit$$00000000)
    __rt_lib_init_fp_1                       0x080001ff   Thumb Code     0  libinit2.o(.ARM.Collect$$libinit$$00000001)
    __rt_lib_init_alloca_1                   0x08000203   Thumb Code     0  libinit2.o(.ARM.Collect$$libinit$$0000002E)
    __rt_lib_init_argv_1                     0x08000203   Thumb Code     0  libinit2.o(.ARM.Collect$$libinit$$0000002C)
    __rt_lib_init_atexit_1                   0x08000203   Thumb Code     0  libinit2.o(.ARM.Collect$$libinit$$0000001B)
    __rt_lib_init_clock_1                    0x08000203   Thumb Code     0  libinit2.o(.ARM.Collect$$libinit$$00000021)
    __rt_lib_init_cpp_1                      0x08000203   Thumb Code     0  libinit2.o(.ARM.Collect$$libinit$$00000032)
    __rt_lib_init_exceptions_1               0x08000203   Thumb Code     0  libinit2.o(.ARM.Collect$$libinit$$00000030)
    __rt_lib_init_fp_trap_1                  0x08000203   Thumb Code     0  libinit2.o(.ARM.Collect$$libinit$$0000001F)
    __rt_lib_init_getenv_1                   0x08000203   Thumb Code     0  libinit2.o(.ARM.Collect$$libinit$$00000023)
    __rt_lib_init_heap_1                     0x08000203   Thumb Code     0  libinit2.o(.ARM.Collect$$libinit$$0000000A)
    __rt_lib_init_lc_collate_1               0x08000203   Thumb Code     0  libinit2.o(.ARM.Collect$$libinit$$00000011)
    __rt_lib_init_lc_ctype_1                 0x08000203   Thumb Code     0  libinit2.o(.ARM.Collect$$libinit$$00000013)
    __rt_lib_init_lc_monetary_1              0x08000203   Thumb Code     0  libinit2.o(.ARM.Collect$$libinit$$00000015)
    __rt_lib_init_lc_numeric_1               0x08000203   Thumb Code     0  libinit2.o(.ARM.Collect$$libinit$$00000017)
    __rt_lib_init_lc_time_1                  0x08000203   Thumb Code     0  libinit2.o(.ARM.Collect$$libinit$$00000019)
    __rt_lib_init_preinit_1                  0x08000203   Thumb Code     0  libinit2.o(.ARM.Collect$$libinit$$00000004)
    __rt_lib_init_rand_1                     0x08000203   Thumb Code     0  libinit2.o(.ARM.Collect$$libinit$$0000000E)
    __rt_lib_init_return                     0x08000203   Thumb Code     0  libinit2.o(.ARM.Collect$$libinit$$00000033)
    __rt_lib_init_signal_1                   0x08000203   Thumb Code     0  libinit2.o(.ARM.Collect$$libinit$$0000001D)
    __rt_lib_init_stdio_1                    0x08000203   Thumb Code     0  libinit2.o(.ARM.Collect$$libinit$$00000025)
    __rt_lib_init_user_alloc_1               0x08000203   Thumb Code     0  libinit2.o(.ARM.Collect$$libinit$$0000000C)
    __rt_lib_shutdown                        0x08000205   Thumb Code     0  libshutdown.o(.ARM.Collect$$libshutdown$$00000000)
    __rt_lib_shutdown_cpp_1                  0x08000207   Thumb Code     0  libshutdown2.o(.ARM.Collect$$libshutdown$$00000004)
    __rt_lib_shutdown_fini_1                 0x08000207   Thumb Code     0  libshutdown2.o(.ARM.Collect$$libshutdown$$00000002)
    __rt_lib_shutdown_fp_trap_1              0x08000207   Thumb Code     0  libshutdown2.o(.ARM.Collect$$libshutdown$$00000009)
    __rt_lib_shutdown_heap_1                 0x08000207   Thumb Code     0  libshutdown2.o(.ARM.Collect$$libshutdown$$00000011)
    __rt_lib_shutdown_return                 0x08000207   Thumb Code     0  libshutdown2.o(.ARM.Collect$$libshutdown$$00000012)
    __rt_lib_shutdown_signal_1               0x08000207   Thumb Code     0  libshutdown2.o(.ARM.Collect$$libshutdown$$0000000C)
    __rt_lib_shutdown_stdio_1                0x08000207   Thumb Code     0  libshutdown2.o(.ARM.Collect$$libshutdown$$00000006)
    __rt_lib_shutdown_user_alloc_1           0x08000207   Thumb Code     0  libshutdown2.o(.ARM.Collect$$libshutdown$$0000000E)
    __rt_entry                               0x08000209   Thumb Code     0  __rtentry.o(.ARM.Collect$$rtentry$$00000000)
    __rt_entry_presh_1                       0x08000209   Thumb Code     0  __rtentry2.o(.ARM.Collect$$rtentry$$00000002)
    __rt_entry_sh                            0x08000209   Thumb Code     0  __rtentry4.o(.ARM.Collect$$rtentry$$00000004)
    __rt_entry_li                            0x0800020f   Thumb Code     0  __rtentry2.o(.ARM.Collect$$rtentry$$0000000A)
    __rt_entry_postsh_1                      0x0800020f   Thumb Code     0  __rtentry2.o(.ARM.Collect$$rtentry$$00000009)
    __rt_entry_main                          0x08000213   Thumb Code     0  __rtentry2.o(.ARM.Collect$$rtentry$$0000000D)
    __rt_entry_postli_1                      0x08000213   Thumb Code     0  __rtentry2.o(.ARM.Collect$$rtentry$$0000000C)
    __rt_exit                                0x0800021b   Thumb Code     0  rtexit.o(.ARM.Collect$$rtexit$$00000000)
    __rt_exit_ls                             0x0800021d   Thumb Code     0  rtexit2.o(.ARM.Collect$$rtexit$$00000003)
    __rt_exit_prels_1                        0x0800021d   Thumb Code     0  rtexit2.o(.ARM.Collect$$rtexit$$00000002)
    __rt_exit_exit                           0x08000221   Thumb Code     0  rtexit2.o(.ARM.Collect$$rtexit$$00000004)
    SVC_Handler                              0x08000229   Thumb Code    28  port.o(.emb_text)
    __asm___6_port_c_39a90d8d__prvStartFirstTask 0x08000249   Thumb Code    36  port.o(.emb_text)
    __asm___6_port_c_39a90d8d__prvEnableVFP  0x08000271   Thumb Code    16  port.o(.emb_text)
    PendSV_Handler                           0x08000285   Thumb Code    88  port.o(.emb_text)
    vPortGetIPSR                             0x080002e1   Thumb Code     6  port.o(.emb_text)
    Reset_Handler                            0x080002e9   Thumb Code     8  startup_stm32f407xx.o(.text)
    ADC_IRQHandler                           0x08000303   Thumb Code     0  startup_stm32f407xx.o(.text)
    CAN1_RX0_IRQHandler                      0x08000303   Thumb Code     0  startup_stm32f407xx.o(.text)
    CAN1_RX1_IRQHandler                      0x08000303   Thumb Code     0  startup_stm32f407xx.o(.text)
    CAN1_SCE_IRQHandler                      0x08000303   Thumb Code     0  startup_stm32f407xx.o(.text)
    CAN1_TX_IRQHandler                       0x08000303   Thumb Code     0  startup_stm32f407xx.o(.text)
    CAN2_RX0_IRQHandler                      0x08000303   Thumb Code     0  startup_stm32f407xx.o(.text)
    CAN2_RX1_IRQHandler                      0x08000303   Thumb Code     0  startup_stm32f407xx.o(.text)
    CAN2_SCE_IRQHandler                      0x08000303   Thumb Code     0  startup_stm32f407xx.o(.text)
    CAN2_TX_IRQHandler                       0x08000303   Thumb Code     0  startup_stm32f407xx.o(.text)
    DCMI_IRQHandler                          0x08000303   Thumb Code     0  startup_stm32f407xx.o(.text)
    DMA1_Stream0_IRQHandler                  0x08000303   Thumb Code     0  startup_stm32f407xx.o(.text)
    DMA1_Stream1_IRQHandler                  0x08000303   Thumb Code     0  startup_stm32f407xx.o(.text)
    DMA1_Stream2_IRQHandler                  0x08000303   Thumb Code     0  startup_stm32f407xx.o(.text)
    DMA1_Stream3_IRQHandler                  0x08000303   Thumb Code     0  startup_stm32f407xx.o(.text)
    DMA1_Stream4_IRQHandler                  0x08000303   Thumb Code     0  startup_stm32f407xx.o(.text)
    DMA1_Stream5_IRQHandler                  0x08000303   Thumb Code     0  startup_stm32f407xx.o(.text)
    DMA1_Stream6_IRQHandler                  0x08000303   Thumb Code     0  startup_stm32f407xx.o(.text)
    DMA1_Stream7_IRQHandler                  0x08000303   Thumb Code     0  startup_stm32f407xx.o(.text)
    DMA2_Stream0_IRQHandler                  0x08000303   Thumb Code     0  startup_stm32f407xx.o(.text)
    DMA2_Stream1_IRQHandler                  0x08000303   Thumb Code     0  startup_stm32f407xx.o(.text)
    DMA2_Stream2_IRQHandler                  0x08000303   Thumb Code     0  startup_stm32f407xx.o(.text)
    DMA2_Stream3_IRQHandler                  0x08000303   Thumb Code     0  startup_stm32f407xx.o(.text)
    DMA2_Stream4_IRQHandler                  0x08000303   Thumb Code     0  startup_stm32f407xx.o(.text)
    DMA2_Stream5_IRQHandler                  0x08000303   Thumb Code     0  startup_stm32f407xx.o(.text)
    DMA2_Stream6_IRQHandler                  0x08000303   Thumb Code     0  startup_stm32f407xx.o(.text)
    DMA2_Stream7_IRQHandler                  0x08000303   Thumb Code     0  startup_stm32f407xx.o(.text)
    ETH_IRQHandler                           0x08000303   Thumb Code     0  startup_stm32f407xx.o(.text)
    ETH_WKUP_IRQHandler                      0x08000303   Thumb Code     0  startup_stm32f407xx.o(.text)
    EXTI0_IRQHandler                         0x08000303   Thumb Code     0  startup_stm32f407xx.o(.text)
    EXTI15_10_IRQHandler                     0x08000303   Thumb Code     0  startup_stm32f407xx.o(.text)
    EXTI1_IRQHandler                         0x08000303   Thumb Code     0  startup_stm32f407xx.o(.text)
    EXTI2_IRQHandler                         0x08000303   Thumb Code     0  startup_stm32f407xx.o(.text)
    EXTI3_IRQHandler                         0x08000303   Thumb Code     0  startup_stm32f407xx.o(.text)
    EXTI4_IRQHandler                         0x08000303   Thumb Code     0  startup_stm32f407xx.o(.text)
    EXTI9_5_IRQHandler                       0x08000303   Thumb Code     0  startup_stm32f407xx.o(.text)
    FLASH_IRQHandler                         0x08000303   Thumb Code     0  startup_stm32f407xx.o(.text)
    FMC_IRQHandler                           0x08000303   Thumb Code     0  startup_stm32f407xx.o(.text)
    FPU_IRQHandler                           0x08000303   Thumb Code     0  startup_stm32f407xx.o(.text)
    HASH_RNG_IRQHandler                      0x08000303   Thumb Code     0  startup_stm32f407xx.o(.text)
    I2C1_ER_IRQHandler                       0x08000303   Thumb Code     0  startup_stm32f407xx.o(.text)
    I2C1_EV_IRQHandler                       0x08000303   Thumb Code     0  startup_stm32f407xx.o(.text)
    I2C2_ER_IRQHandler                       0x08000303   Thumb Code     0  startup_stm32f407xx.o(.text)
    I2C2_EV_IRQHandler                       0x08000303   Thumb Code     0  startup_stm32f407xx.o(.text)
    I2C3_ER_IRQHandler                       0x08000303   Thumb Code     0  startup_stm32f407xx.o(.text)
    I2C3_EV_IRQHandler                       0x08000303   Thumb Code     0  startup_stm32f407xx.o(.text)
    OTG_FS_IRQHandler                        0x08000303   Thumb Code     0  startup_stm32f407xx.o(.text)
    OTG_FS_WKUP_IRQHandler                   0x08000303   Thumb Code     0  startup_stm32f407xx.o(.text)
    OTG_HS_EP1_IN_IRQHandler                 0x08000303   Thumb Code     0  startup_stm32f407xx.o(.text)
    OTG_HS_EP1_OUT_IRQHandler                0x08000303   Thumb Code     0  startup_stm32f407xx.o(.text)
    OTG_HS_IRQHandler                        0x08000303   Thumb Code     0  startup_stm32f407xx.o(.text)
    OTG_HS_WKUP_IRQHandler                   0x08000303   Thumb Code     0  startup_stm32f407xx.o(.text)
    PVD_IRQHandler                           0x08000303   Thumb Code     0  startup_stm32f407xx.o(.text)
    RCC_IRQHandler                           0x08000303   Thumb Code     0  startup_stm32f407xx.o(.text)
    RTC_Alarm_IRQHandler                     0x08000303   Thumb Code     0  startup_stm32f407xx.o(.text)
    RTC_WKUP_IRQHandler                      0x08000303   Thumb Code     0  startup_stm32f407xx.o(.text)
    SDIO_IRQHandler                          0x08000303   Thumb Code     0  startup_stm32f407xx.o(.text)
    SPI1_IRQHandler                          0x08000303   Thumb Code     0  startup_stm32f407xx.o(.text)
    SPI2_IRQHandler                          0x08000303   Thumb Code     0  startup_stm32f407xx.o(.text)
    SPI3_IRQHandler                          0x08000303   Thumb Code     0  startup_stm32f407xx.o(.text)
    TAMP_STAMP_IRQHandler                    0x08000303   Thumb Code     0  startup_stm32f407xx.o(.text)
    TIM1_BRK_TIM9_IRQHandler                 0x08000303   Thumb Code     0  startup_stm32f407xx.o(.text)
    TIM1_CC_IRQHandler                       0x08000303   Thumb Code     0  startup_stm32f407xx.o(.text)
    TIM1_TRG_COM_TIM11_IRQHandler            0x08000303   Thumb Code     0  startup_stm32f407xx.o(.text)
    TIM1_UP_TIM10_IRQHandler                 0x08000303   Thumb Code     0  startup_stm32f407xx.o(.text)
    TIM2_IRQHandler                          0x08000303   Thumb Code     0  startup_stm32f407xx.o(.text)
    TIM3_IRQHandler                          0x08000303   Thumb Code     0  startup_stm32f407xx.o(.text)
    TIM4_IRQHandler                          0x08000303   Thumb Code     0  startup_stm32f407xx.o(.text)
    TIM5_IRQHandler                          0x08000303   Thumb Code     0  startup_stm32f407xx.o(.text)
    TIM7_IRQHandler                          0x08000303   Thumb Code     0  startup_stm32f407xx.o(.text)
    TIM8_BRK_TIM12_IRQHandler                0x08000303   Thumb Code     0  startup_stm32f407xx.o(.text)
    TIM8_CC_IRQHandler                       0x08000303   Thumb Code     0  startup_stm32f407xx.o(.text)
    TIM8_TRG_COM_TIM14_IRQHandler            0x08000303   Thumb Code     0  startup_stm32f407xx.o(.text)
    TIM8_UP_TIM13_IRQHandler                 0x08000303   Thumb Code     0  startup_stm32f407xx.o(.text)
    UART4_IRQHandler                         0x08000303   Thumb Code     0  startup_stm32f407xx.o(.text)
    UART5_IRQHandler                         0x08000303   Thumb Code     0  startup_stm32f407xx.o(.text)
    USART1_IRQHandler                        0x08000303   Thumb Code     0  startup_stm32f407xx.o(.text)
    USART3_IRQHandler                        0x08000303   Thumb Code     0  startup_stm32f407xx.o(.text)
    USART6_IRQHandler                        0x08000303   Thumb Code     0  startup_stm32f407xx.o(.text)
    WWDG_IRQHandler                          0x08000303   Thumb Code     0  startup_stm32f407xx.o(.text)
    __user_initial_stackheap                 0x08000305   Thumb Code     0  startup_stm32f407xx.o(.text)
    __aeabi_uldivmod                         0x08000329   Thumb Code     0  lludivv7m.o(.text)
    _ll_udiv                                 0x08000329   Thumb Code   238  lludivv7m.o(.text)
    __aeabi_memcpy                           0x08000417   Thumb Code     0  rt_memcpy_v6.o(.text)
    __rt_memcpy                              0x08000417   Thumb Code   138  rt_memcpy_v6.o(.text)
    _memcpy_lastbytes                        0x0800047d   Thumb Code     0  rt_memcpy_v6.o(.text)
    __aeabi_memset                           0x080004a1   Thumb Code    16  aeabi_memset.o(.text)
    __aeabi_memclr4                          0x080004b1   Thumb Code     0  rt_memclr_w.o(.text)
    __aeabi_memclr8                          0x080004b1   Thumb Code     0  rt_memclr_w.o(.text)
    __rt_memclr_w                            0x080004b1   Thumb Code    78  rt_memclr_w.o(.text)
    _memset_w                                0x080004b5   Thumb Code     0  rt_memclr_w.o(.text)
    __use_two_region_memory                  0x080004ff   Thumb Code     2  heapauxi.o(.text)
    __rt_heap_escrow$2region                 0x08000501   Thumb Code     2  heapauxi.o(.text)
    __rt_heap_expand$2region                 0x08000503   Thumb Code     2  heapauxi.o(.text)
    __aeabi_memcpy4                          0x08000505   Thumb Code     0  rt_memcpy_w.o(.text)
    __aeabi_memcpy8                          0x08000505   Thumb Code     0  rt_memcpy_w.o(.text)
    __rt_memcpy_w                            0x08000505   Thumb Code   100  rt_memcpy_w.o(.text)
    _memcpy_lastbytes_aligned                0x0800054d   Thumb Code     0  rt_memcpy_w.o(.text)
    __aeabi_memclr                           0x08000569   Thumb Code     0  rt_memclr.o(.text)
    __rt_memclr                              0x08000569   Thumb Code    68  rt_memclr.o(.text)
    _memset                                  0x0800056d   Thumb Code     0  rt_memclr.o(.text)
    __user_setup_stackheap                   0x080005ad   Thumb Code    74  sys_stackheap_outer.o(.text)
    exit                                     0x080005f7   Thumb Code    18  exit.o(.text)
    __user_libspace                          0x08000609   Thumb Code     8  libspace.o(.text)
    __user_perproc_libspace                  0x08000609   Thumb Code     0  libspace.o(.text)
    __user_perthread_libspace                0x08000609   Thumb Code     0  libspace.o(.text)
    _sys_exit                                0x08000611   Thumb Code     8  sys_exit.o(.text)
    __I$use$semihosting                      0x0800061d   Thumb Code     0  use_no_semi.o(.text)
    __use_no_semihosting_swi                 0x0800061d   Thumb Code     2  use_no_semi.o(.text)
    BSP_USART_Init                           0x0800061f   Thumb Code     2  bsp_usart.o(i.BSP_USART_Init)
    __semihosting_library_function           0x0800061f   Thumb Code     0  indicate_semi.o(.text)
    BSP_USART_SendByte                       0x08000621   Thumb Code    16  bsp_usart.o(i.BSP_USART_SendByte)
    BusFault_Handler                         0x08000631   Thumb Code     2  stm32f4xx_it.o(i.BusFault_Handler)
    DebugMon_Handler                         0x08000633   Thumb Code     2  stm32f4xx_it.o(i.DebugMon_Handler)
    Error_Handler                            0x08000635   Thumb Code     4  main.o(i.Error_Handler)
    GimbalMotor_QueueInit                    0x08000639   Thumb Code    18  gimbal_motor.o(i.GimbalMotor_QueueInit)
    GimbalMotor_SendCmd                      0x08000651   Thumb Code    30  gimbal_motor.o(i.GimbalMotor_SendCmd)
    GimbalMotor_Task                         0x08000675   Thumb Code   104  gimbal_motor.o(i.GimbalMotor_Task)
    HAL_DMA_Abort                            0x080006ed   Thumb Code   146  stm32f4xx_hal_dma.o(i.HAL_DMA_Abort)
    HAL_DMA_Abort_IT                         0x0800077f   Thumb Code    36  stm32f4xx_hal_dma.o(i.HAL_DMA_Abort_IT)
    HAL_GPIO_Init                            0x080007a5   Thumb Code   418  stm32f4xx_hal_gpio.o(i.HAL_GPIO_Init)
    HAL_GetTick                              0x08000975   Thumb Code     6  stm32f4xx_hal.o(i.HAL_GetTick)
    HAL_IncTick                              0x08000981   Thumb Code    12  stm32f4xx_hal.o(i.HAL_IncTick)
    HAL_Init                                 0x08000991   Thumb Code    48  stm32f4xx_hal.o(i.HAL_Init)
    HAL_InitTick                             0x080009c5   Thumb Code   132  stm32f4xx_hal_timebase_tim.o(i.HAL_InitTick)
    HAL_MspInit                              0x08000a5d   Thumb Code    52  stm32f4xx_hal_msp.o(i.HAL_MspInit)
    HAL_NVIC_EnableIRQ                       0x08000a95   Thumb Code    26  stm32f4xx_hal_cortex.o(i.HAL_NVIC_EnableIRQ)
    HAL_NVIC_SetPriority                     0x08000ab1   Thumb Code    60  stm32f4xx_hal_cortex.o(i.HAL_NVIC_SetPriority)
    HAL_NVIC_SetPriorityGrouping             0x08000af1   Thumb Code    26  stm32f4xx_hal_cortex.o(i.HAL_NVIC_SetPriorityGrouping)
    HAL_RCC_ClockConfig                      0x08000b15   Thumb Code   288  stm32f4xx_hal_rcc.o(i.HAL_RCC_ClockConfig)
    HAL_RCC_GetClockConfig                   0x08000c49   Thumb Code    54  stm32f4xx_hal_rcc.o(i.HAL_RCC_GetClockConfig)
    HAL_RCC_GetPCLK1Freq                     0x08000c89   Thumb Code    20  stm32f4xx_hal_rcc.o(i.HAL_RCC_GetPCLK1Freq)
    HAL_RCC_GetPCLK2Freq                     0x08000ca9   Thumb Code    20  stm32f4xx_hal_rcc.o(i.HAL_RCC_GetPCLK2Freq)
    HAL_RCC_GetSysClockFreq                  0x08000cc9   Thumb Code    88  stm32f4xx_hal_rcc.o(i.HAL_RCC_GetSysClockFreq)
    HAL_RCC_OscConfig                        0x08000d2d   Thumb Code   836  stm32f4xx_hal_rcc.o(i.HAL_RCC_OscConfig)
    HAL_TIMEx_BreakCallback                  0x08001085   Thumb Code     2  stm32f4xx_hal_tim_ex.o(i.HAL_TIMEx_BreakCallback)
    HAL_TIMEx_CommutCallback                 0x08001087   Thumb Code     2  stm32f4xx_hal_tim_ex.o(i.HAL_TIMEx_CommutCallback)
    HAL_TIM_Base_Init                        0x08001089   Thumb Code    90  stm32f4xx_hal_tim.o(i.HAL_TIM_Base_Init)
    HAL_TIM_Base_MspInit                     0x080010e3   Thumb Code     2  stm32f4xx_hal_tim.o(i.HAL_TIM_Base_MspInit)
    HAL_TIM_Base_Start_IT                    0x080010e5   Thumb Code   100  stm32f4xx_hal_tim.o(i.HAL_TIM_Base_Start_IT)
    HAL_TIM_IC_CaptureCallback               0x08001165   Thumb Code     2  stm32f4xx_hal_tim.o(i.HAL_TIM_IC_CaptureCallback)
    HAL_TIM_IRQHandler                       0x08001167   Thumb Code   304  stm32f4xx_hal_tim.o(i.HAL_TIM_IRQHandler)
    HAL_TIM_OC_DelayElapsedCallback          0x08001297   Thumb Code     2  stm32f4xx_hal_tim.o(i.HAL_TIM_OC_DelayElapsedCallback)
    HAL_TIM_PWM_PulseFinishedCallback        0x08001299   Thumb Code     2  stm32f4xx_hal_tim.o(i.HAL_TIM_PWM_PulseFinishedCallback)
    HAL_TIM_PeriodElapsedCallback            0x0800129d   Thumb Code    14  main.o(i.HAL_TIM_PeriodElapsedCallback)
    HAL_TIM_TriggerCallback                  0x080012b1   Thumb Code     2  stm32f4xx_hal_tim.o(i.HAL_TIM_TriggerCallback)
    HAL_UARTEx_RxEventCallback               0x080012b3   Thumb Code     2  stm32f4xx_hal_uart.o(i.HAL_UARTEx_RxEventCallback)
    HAL_UART_ErrorCallback                   0x080012b5   Thumb Code     2  stm32f4xx_hal_uart.o(i.HAL_UART_ErrorCallback)
    HAL_UART_IRQHandler                      0x080012b9   Thumb Code   636  stm32f4xx_hal_uart.o(i.HAL_UART_IRQHandler)
    HAL_UART_Init                            0x08001539   Thumb Code   100  stm32f4xx_hal_uart.o(i.HAL_UART_Init)
    HAL_UART_MspInit                         0x0800159d   Thumb Code   166  usart.o(i.HAL_UART_MspInit)
    HAL_UART_Receive_IT                      0x08001655   Thumb Code    28  stm32f4xx_hal_uart.o(i.HAL_UART_Receive_IT)
    HAL_UART_RxCpltCallback                  0x08001671   Thumb Code    82  device_reader.o(i.HAL_UART_RxCpltCallback)
    HAL_UART_Transmit                        0x080016d1   Thumb Code   160  stm32f4xx_hal_uart.o(i.HAL_UART_Transmit)
    HAL_UART_TxCpltCallback                  0x08001771   Thumb Code     2  stm32f4xx_hal_uart.o(i.HAL_UART_TxCpltCallback)
    HardFault_Handler                        0x08001773   Thumb Code     2  stm32f4xx_it.o(i.HardFault_Handler)
    MX_FREERTOS_Init                         0x08001775   Thumb Code    46  freertos.o(i.MX_FREERTOS_Init)
    MX_GPIO_Init                             0x080017b9   Thumb Code    38  gpio.o(i.MX_GPIO_Init)
    MX_USART1_UART_Init                      0x080017e5   Thumb Code    48  usart.o(i.MX_USART1_UART_Init)
    MX_USART2_UART_Init                      0x0800181d   Thumb Code    48  usart.o(i.MX_USART2_UART_Init)
    MemManage_Handler                        0x08001855   Thumb Code     2  stm32f4xx_it.o(i.MemManage_Handler)
    MyControlTask                            0x08001857   Thumb Code    72  gimbal_motor.o(i.MyControlTask)
    NMI_Handler                              0x0800189f   Thumb Code     2  stm32f4xx_it.o(i.NMI_Handler)
    StartDefaultTask                         0x080018a1   Thumb Code     8  freertos.o(i.StartDefaultTask)
    SysTick_Handler                          0x080018a9   Thumb Code    26  cmsis_os2.o(i.SysTick_Handler)
    SystemClock_Config                       0x080018c5   Thumb Code   140  main.o(i.SystemClock_Config)
    SystemInit                               0x08001959   Thumb Code    12  system_stm32f4xx.o(i.SystemInit)
    TIM6_DAC_IRQHandler                      0x08001969   Thumb Code     6  stm32f4xx_it.o(i.TIM6_DAC_IRQHandler)
    TIM_Base_SetConfig                       0x08001975   Thumb Code   164  stm32f4xx_hal_tim.o(i.TIM_Base_SetConfig)
    UART_Start_Receive_IT                    0x08001c71   Thumb Code    54  stm32f4xx_hal_uart.o(i.UART_Start_Receive_IT)
    USART2_IRQHandler                        0x08001d19   Thumb Code     6  stm32f4xx_it.o(i.USART2_IRQHandler)
    UsageFault_Handler                       0x08001d25   Thumb Code     2  stm32f4xx_it.o(i.UsageFault_Handler)
    main                                     0x08001d49   Thumb Code    52  main.o(i.main)
    osDelay                                  0x08001d85   Thumb Code    26  cmsis_os2.o(i.osDelay)
    osKernelInitialize                       0x08001da1   Thumb Code    32  cmsis_os2.o(i.osKernelInitialize)
    osKernelStart                            0x08001dc5   Thumb Code    48  cmsis_os2.o(i.osKernelStart)
    osMessageQueueGet                        0x08001dfd   Thumb Code    96  cmsis_os2.o(i.osMessageQueueGet)
    osMessageQueueNew                        0x08001e61   Thumb Code    88  cmsis_os2.o(i.osMessageQueueNew)
    osMessageQueuePut                        0x08001eb9   Thumb Code   100  cmsis_os2.o(i.osMessageQueuePut)
    osThreadNew                              0x08001f21   Thumb Code   136  cmsis_os2.o(i.osThreadNew)
    pvPortMalloc                             0x08002735   Thumb Code   216  heap_4.o(i.pvPortMalloc)
    pxPortInitialiseStack                    0x08002811   Thumb Code    40  port.o(i.pxPortInitialiseStack)
    uxListRemove                             0x0800283d   Thumb Code    38  list.o(i.uxListRemove)
    vApplicationGetIdleTaskMemory            0x08002865   Thumb Code    16  cmsis_os2.o(i.vApplicationGetIdleTaskMemory)
    vApplicationGetTimerTaskMemory           0x08002879   Thumb Code    18  cmsis_os2.o(i.vApplicationGetTimerTaskMemory)
    vListInitialise                          0x08002891   Thumb Code    22  list.o(i.vListInitialise)
    vListInitialiseItem                      0x080028a7   Thumb Code     6  list.o(i.vListInitialiseItem)
    vListInsert                              0x080028ad   Thumb Code    48  list.o(i.vListInsert)
    vListInsertEnd                           0x080028dd   Thumb Code    24  list.o(i.vListInsertEnd)
    vPortEnterCritical                       0x080028f5   Thumb Code    54  port.o(i.vPortEnterCritical)
    vPortExitCritical                        0x08002935   Thumb Code    34  port.o(i.vPortExitCritical)
    vPortFree                                0x0800295d   Thumb Code    94  heap_4.o(i.vPortFree)
    vPortSetupTimerInterrupt                 0x080029c1   Thumb Code    32  port.o(i.vPortSetupTimerInterrupt)
    vPortValidateInterruptPriority           0x080029e5   Thumb Code    74  port.o(i.vPortValidateInterruptPriority)
    vQueueAddToRegistry                      0x08002a39   Thumb Code    32  queue.o(i.vQueueAddToRegistry)
    vQueueWaitForMessageRestricted           0x08002a5d   Thumb Code    68  queue.o(i.vQueueWaitForMessageRestricted)
    vTaskDelay                               0x08002aa1   Thumb Code    66  tasks.o(i.vTaskDelay)
    vTaskInternalSetTimeOutState             0x08002aed   Thumb Code    12  tasks.o(i.vTaskInternalSetTimeOutState)
    vTaskMissedYield                         0x08002afd   Thumb Code     8  tasks.o(i.vTaskMissedYield)
    vTaskPlaceOnEventList                    0x08002b09   Thumb Code    44  tasks.o(i.vTaskPlaceOnEventList)
    vTaskPlaceOnEventListRestricted          0x08002b39   Thumb Code    52  tasks.o(i.vTaskPlaceOnEventListRestricted)
    vTaskStartScheduler                      0x08002b71   Thumb Code   116  tasks.o(i.vTaskStartScheduler)
    vTaskSuspendAll                          0x08002bf5   Thumb Code    10  tasks.o(i.vTaskSuspendAll)
    vTaskSwitchContext                       0x08002c05   Thumb Code    90  tasks.o(i.vTaskSwitchContext)
    xPortStartScheduler                      0x08002c69   Thumb Code   224  port.o(i.xPortStartScheduler)
    xPortSysTickHandler                      0x08002d5d   Thumb Code    38  port.o(i.xPortSysTickHandler)
    xQueueGenericCreate                      0x08002d89   Thumb Code    66  queue.o(i.xQueueGenericCreate)
    xQueueGenericCreateStatic                0x08002dcb   Thumb Code   102  queue.o(i.xQueueGenericCreateStatic)
    xQueueGenericReset                       0x08002e31   Thumb Code   132  queue.o(i.xQueueGenericReset)
    xQueueGenericSend                        0x08002eb9   Thumb Code   350  queue.o(i.xQueueGenericSend)
    xQueueGenericSendFromISR                 0x0800301d   Thumb Code   190  queue.o(i.xQueueGenericSendFromISR)
    xQueueReceive                            0x080030dd   Thumb Code   308  queue.o(i.xQueueReceive)
    xQueueReceiveFromISR                     0x08003215   Thumb Code   154  queue.o(i.xQueueReceiveFromISR)
    xTaskCheckForTimeOut                     0x080032b1   Thumb Code   112  tasks.o(i.xTaskCheckForTimeOut)
    xTaskCreate                              0x08003325   Thumb Code    90  tasks.o(i.xTaskCreate)
    xTaskCreateStatic                        0x0800337f   Thumb Code    90  tasks.o(i.xTaskCreateStatic)
    xTaskGetSchedulerState                   0x080033d9   Thumb Code    22  tasks.o(i.xTaskGetSchedulerState)
    xTaskGetTickCount                        0x080033f5   Thumb Code     6  tasks.o(i.xTaskGetTickCount)
    xTaskIncrementTick                       0x08003401   Thumb Code   192  tasks.o(i.xTaskIncrementTick)
    xTaskPriorityDisinherit                  0x080034c9   Thumb Code   116  tasks.o(i.xTaskPriorityDisinherit)
    xTaskRemoveFromEventList                 0x08003545   Thumb Code    98  tasks.o(i.xTaskRemoveFromEventList)
    xTaskResumeAll                           0x080035b5   Thumb Code   180  tasks.o(i.xTaskResumeAll)
    xTimerCreateTimerTask                    0x08003675   Thumb Code    78  timers.o(i.xTimerCreateTimerTask)
    xTimerGenericCommand                     0x080036d5   Thumb Code    94  timers.o(i.xTimerGenericCommand)
    _fp_init                                 0x08003739   Thumb Code    10  fpinit.o(x$fpl$fpinit)
    __fplib_config_fpu_vfp                   0x08003741   Thumb Code     0  fpinit.o(x$fpl$fpinit)
    __fplib_config_pureend_doubles           0x08003741   Thumb Code     0  fpinit.o(x$fpl$fpinit)
    defaultTask_attributes                   0x08003744   Data          36  freertos.o(.constdata)
    GimbalMotor_attributes                   0x08003768   Data          36  freertos.o(.constdata)
    ControlTask_attributes                   0x0800378c   Data          36  freertos.o(.constdata)
    AHBPrescTable                            0x080037b0   Data          16  system_stm32f4xx.o(.constdata)
    APBPrescTable                            0x080037c0   Data           8  system_stm32f4xx.o(.constdata)
    Region$$Table$$Base                      0x080037ec   Number         0  anon$$obj.o(Region$$Table)
    Region$$Table$$Limit                     0x0800380c   Number         0  anon$$obj.o(Region$$Table)
    defaultTaskHandle                        0x20000000   Data           4  freertos.o(.data)
    GimbalMotorHandle                        0x20000004   Data           4  freertos.o(.data)
    ControlTaskHandle                        0x20000008   Data           4  freertos.o(.data)
    uwTickFreq                               0x2000000c   Data           1  stm32f4xx_hal.o(.data)
    uwTickPrio                               0x20000010   Data           4  stm32f4xx_hal.o(.data)
    uwTick                                   0x20000014   Data           4  stm32f4xx_hal.o(.data)
    SystemCoreClock                          0x20000018   Data           4  system_stm32f4xx.o(.data)
    pxCurrentTCB                             0x2000001c   Data           4  tasks.o(.data)
    rx_index                                 0x200000a0   Data           1  device_reader.o(.data)
    uart_rx_byte                             0x200000a1   Data           1  device_reader.o(.data)
    delta_x                                  0x200000a4   Data           4  device_reader.o(.data)
    delta_y                                  0x200000a8   Data           4  device_reader.o(.data)
    rx_buffer                                0x200000ac   Data           7  device_reader.o(.data)
    huart1                                   0x200000b4   Data          72  usart.o(.bss)
    huart2                                   0x200000fc   Data          72  usart.o(.bss)
    htim6                                    0x20000144   Data          72  stm32f4xx_hal_timebase_tim.o(.bss)
    xQueueRegistry                           0x2000018c   Data          64  queue.o(.bss)
    __libspace_start                         0x20004a60   Data          96  libspace.o(.bss)
    __temporary_stack_top$libspace           0x20004ac0   Data           0  libspace.o(.bss)



==============================================================================

Memory Map of the image

  Image Entry point : 0x08000189

  Load Region LR_IROM1 (Base: 0x08000000, Size: 0x000038c0, Max: 0x00100000, ABSOLUTE)

    Execution Region ER_IROM1 (Exec base: 0x08000000, Load base: 0x08000000, Size: 0x0000380c, Max: 0x00100000, ABSOLUTE)

    Exec Addr    Load Addr    Size         Type   Attr      Idx    E Section Name        Object

    0x08000000   0x08000000   0x00000188   Data   RO            3    RESET               startup_stm32f407xx.o
    0x08000188   0x08000188   0x00000008   Code   RO         4893  * !!!main             c_w.l(__main.o)
    0x08000190   0x08000190   0x00000034   Code   RO         5066    !!!scatter          c_w.l(__scatter.o)
    0x080001c4   0x080001c4   0x0000001a   Code   RO         5068    !!handler_copy      c_w.l(__scatter_copy.o)
    0x080001de   0x080001de   0x00000002   PAD
    0x080001e0   0x080001e0   0x0000001c   Code   RO         5070    !!handler_zi        c_w.l(__scatter_zi.o)
    0x080001fc   0x080001fc   0x00000002   Code   RO         4934    .ARM.Collect$$libinit$$00000000  c_w.l(libinit.o)
    0x080001fe   0x080001fe   0x00000004   Code   RO         4946    .ARM.Collect$$libinit$$00000001  c_w.l(libinit2.o)
    0x08000202   0x08000202   0x00000000   Code   RO         4949    .ARM.Collect$$libinit$$00000004  c_w.l(libinit2.o)
    0x08000202   0x08000202   0x00000000   Code   RO         4952    .ARM.Collect$$libinit$$0000000A  c_w.l(libinit2.o)
    0x08000202   0x08000202   0x00000000   Code   RO         4954    .ARM.Collect$$libinit$$0000000C  c_w.l(libinit2.o)
    0x08000202   0x08000202   0x00000000   Code   RO         4956    .ARM.Collect$$libinit$$0000000E  c_w.l(libinit2.o)
    0x08000202   0x08000202   0x00000000   Code   RO         4959    .ARM.Collect$$libinit$$00000011  c_w.l(libinit2.o)
    0x08000202   0x08000202   0x00000000   Code   RO         4961    .ARM.Collect$$libinit$$00000013  c_w.l(libinit2.o)
    0x08000202   0x08000202   0x00000000   Code   RO         4963    .ARM.Collect$$libinit$$00000015  c_w.l(libinit2.o)
    0x08000202   0x08000202   0x00000000   Code   RO         4965    .ARM.Collect$$libinit$$00000017  c_w.l(libinit2.o)
    0x08000202   0x08000202   0x00000000   Code   RO         4967    .ARM.Collect$$libinit$$00000019  c_w.l(libinit2.o)
    0x08000202   0x08000202   0x00000000   Code   RO         4969    .ARM.Collect$$libinit$$0000001B  c_w.l(libinit2.o)
    0x08000202   0x08000202   0x00000000   Code   RO         4971    .ARM.Collect$$libinit$$0000001D  c_w.l(libinit2.o)
    0x08000202   0x08000202   0x00000000   Code   RO         4973    .ARM.Collect$$libinit$$0000001F  c_w.l(libinit2.o)
    0x08000202   0x08000202   0x00000000   Code   RO         4975    .ARM.Collect$$libinit$$00000021  c_w.l(libinit2.o)
    0x08000202   0x08000202   0x00000000   Code   RO         4977    .ARM.Collect$$libinit$$00000023  c_w.l(libinit2.o)
    0x08000202   0x08000202   0x00000000   Code   RO         4979    .ARM.Collect$$libinit$$00000025  c_w.l(libinit2.o)
    0x08000202   0x08000202   0x00000000   Code   RO         4983    .ARM.Collect$$libinit$$0000002C  c_w.l(libinit2.o)
    0x08000202   0x08000202   0x00000000   Code   RO         4985    .ARM.Collect$$libinit$$0000002E  c_w.l(libinit2.o)
    0x08000202   0x08000202   0x00000000   Code   RO         4987    .ARM.Collect$$libinit$$00000030  c_w.l(libinit2.o)
    0x08000202   0x08000202   0x00000000   Code   RO         4989    .ARM.Collect$$libinit$$00000032  c_w.l(libinit2.o)
    0x08000202   0x08000202   0x00000002   Code   RO         4990    .ARM.Collect$$libinit$$00000033  c_w.l(libinit2.o)
    0x08000204   0x08000204   0x00000002   Code   RO         5021    .ARM.Collect$$libshutdown$$00000000  c_w.l(libshutdown.o)
    0x08000206   0x08000206   0x00000000   Code   RO         5047    .ARM.Collect$$libshutdown$$00000002  c_w.l(libshutdown2.o)
    0x08000206   0x08000206   0x00000000   Code   RO         5049    .ARM.Collect$$libshutdown$$00000004  c_w.l(libshutdown2.o)
    0x08000206   0x08000206   0x00000000   Code   RO         5051    .ARM.Collect$$libshutdown$$00000006  c_w.l(libshutdown2.o)
    0x08000206   0x08000206   0x00000000   Code   RO         5054    .ARM.Collect$$libshutdown$$00000009  c_w.l(libshutdown2.o)
    0x08000206   0x08000206   0x00000000   Code   RO         5057    .ARM.Collect$$libshutdown$$0000000C  c_w.l(libshutdown2.o)
    0x08000206   0x08000206   0x00000000   Code   RO         5059    .ARM.Collect$$libshutdown$$0000000E  c_w.l(libshutdown2.o)
    0x08000206   0x08000206   0x00000000   Code   RO         5062    .ARM.Collect$$libshutdown$$00000011  c_w.l(libshutdown2.o)
    0x08000206   0x08000206   0x00000002   Code   RO         5063    .ARM.Collect$$libshutdown$$00000012  c_w.l(libshutdown2.o)
    0x08000208   0x08000208   0x00000000   Code   RO         4895    .ARM.Collect$$rtentry$$00000000  c_w.l(__rtentry.o)
    0x08000208   0x08000208   0x00000000   Code   RO         4905    .ARM.Collect$$rtentry$$00000002  c_w.l(__rtentry2.o)
    0x08000208   0x08000208   0x00000006   Code   RO         4917    .ARM.Collect$$rtentry$$00000004  c_w.l(__rtentry4.o)
    0x0800020e   0x0800020e   0x00000000   Code   RO         4907    .ARM.Collect$$rtentry$$00000009  c_w.l(__rtentry2.o)
    0x0800020e   0x0800020e   0x00000004   Code   RO         4908    .ARM.Collect$$rtentry$$0000000A  c_w.l(__rtentry2.o)
    0x08000212   0x08000212   0x00000000   Code   RO         4910    .ARM.Collect$$rtentry$$0000000C  c_w.l(__rtentry2.o)
    0x08000212   0x08000212   0x00000008   Code   RO         4911    .ARM.Collect$$rtentry$$0000000D  c_w.l(__rtentry2.o)
    0x0800021a   0x0800021a   0x00000002   Code   RO         4938    .ARM.Collect$$rtexit$$00000000  c_w.l(rtexit.o)
    0x0800021c   0x0800021c   0x00000000   Code   RO         4994    .ARM.Collect$$rtexit$$00000002  c_w.l(rtexit2.o)
    0x0800021c   0x0800021c   0x00000004   Code   RO         4995    .ARM.Collect$$rtexit$$00000003  c_w.l(rtexit2.o)
    0x08000220   0x08000220   0x00000006   Code   RO         4996    .ARM.Collect$$rtexit$$00000004  c_w.l(rtexit2.o)
    0x08000226   0x08000226   0x00000002   PAD
    0x08000228   0x08000228   0x000000be   Code   RO         4674    .emb_text           port.o
    0x080002e6   0x080002e6   0x00000002   PAD
    0x080002e8   0x080002e8   0x00000040   Code   RO            4    .text               startup_stm32f407xx.o
    0x08000328   0x08000328   0x000000ee   Code   RO         4881    .text               c_w.l(lludivv7m.o)
    0x08000416   0x08000416   0x0000008a   Code   RO         4883    .text               c_w.l(rt_memcpy_v6.o)
    0x080004a0   0x080004a0   0x00000010   Code   RO         4887    .text               c_w.l(aeabi_memset.o)
    0x080004b0   0x080004b0   0x0000004e   Code   RO         4889    .text               c_w.l(rt_memclr_w.o)
    0x080004fe   0x080004fe   0x00000006   Code   RO         4891    .text               c_w.l(heapauxi.o)
    0x08000504   0x08000504   0x00000064   Code   RO         4900    .text               c_w.l(rt_memcpy_w.o)
    0x08000568   0x08000568   0x00000044   Code   RO         4902    .text               c_w.l(rt_memclr.o)
    0x080005ac   0x080005ac   0x0000004a   Code   RO         4921    .text               c_w.l(sys_stackheap_outer.o)
    0x080005f6   0x080005f6   0x00000012   Code   RO         4923    .text               c_w.l(exit.o)
    0x08000608   0x08000608   0x00000008   Code   RO         4935    .text               c_w.l(libspace.o)
    0x08000610   0x08000610   0x0000000c   Code   RO         4991    .text               c_w.l(sys_exit.o)
    0x0800061c   0x0800061c   0x00000002   Code   RO         5010    .text               c_w.l(use_no_semi.o)
    0x0800061e   0x0800061e   0x00000000   Code   RO         5012    .text               c_w.l(indicate_semi.o)
    0x0800061e   0x0800061e   0x00000002   Code   RO         4754    i.BSP_USART_Init    bsp_usart.o
    0x08000620   0x08000620   0x00000010   Code   RO         4756    i.BSP_USART_SendByte  bsp_usart.o
    0x08000630   0x08000630   0x00000002   Code   RO          339    i.BusFault_Handler  stm32f4xx_it.o
    0x08000632   0x08000632   0x00000002   Code   RO          340    i.DebugMon_Handler  stm32f4xx_it.o
    0x08000634   0x08000634   0x00000004   Code   RO           13    i.Error_Handler     main.o
    0x08000638   0x08000638   0x00000018   Code   RO         4799    i.GimbalMotor_QueueInit  gimbal_motor.o
    0x08000650   0x08000650   0x00000024   Code   RO         4800    i.GimbalMotor_SendCmd  gimbal_motor.o
    0x08000674   0x08000674   0x00000078   Code   RO         4801    i.GimbalMotor_Task  gimbal_motor.o
    0x080006ec   0x080006ec   0x00000092   Code   RO         1907    i.HAL_DMA_Abort     stm32f4xx_hal_dma.o
    0x0800077e   0x0800077e   0x00000024   Code   RO         1908    i.HAL_DMA_Abort_IT  stm32f4xx_hal_dma.o
    0x080007a2   0x080007a2   0x00000002   PAD
    0x080007a4   0x080007a4   0x000001d0   Code   RO         1800    i.HAL_GPIO_Init     stm32f4xx_hal_gpio.o
    0x08000974   0x08000974   0x0000000c   Code   RO         2350    i.HAL_GetTick       stm32f4xx_hal.o
    0x08000980   0x08000980   0x00000010   Code   RO         2356    i.HAL_IncTick       stm32f4xx_hal.o
    0x08000990   0x08000990   0x00000034   Code   RO         2357    i.HAL_Init          stm32f4xx_hal.o
    0x080009c4   0x080009c4   0x00000098   Code   RO          433    i.HAL_InitTick      stm32f4xx_hal_timebase_tim.o
    0x08000a5c   0x08000a5c   0x00000038   Code   RO          409    i.HAL_MspInit       stm32f4xx_hal_msp.o
    0x08000a94   0x08000a94   0x0000001a   Code   RO         2192    i.HAL_NVIC_EnableIRQ  stm32f4xx_hal_cortex.o
    0x08000aae   0x08000aae   0x00000002   PAD
    0x08000ab0   0x08000ab0   0x00000040   Code   RO         2198    i.HAL_NVIC_SetPriority  stm32f4xx_hal_cortex.o
    0x08000af0   0x08000af0   0x00000024   Code   RO         2199    i.HAL_NVIC_SetPriorityGrouping  stm32f4xx_hal_cortex.o
    0x08000b14   0x08000b14   0x00000134   Code   RO         1446    i.HAL_RCC_ClockConfig  stm32f4xx_hal_rcc.o
    0x08000c48   0x08000c48   0x00000040   Code   RO         1450    i.HAL_RCC_GetClockConfig  stm32f4xx_hal_rcc.o
    0x08000c88   0x08000c88   0x00000020   Code   RO         1453    i.HAL_RCC_GetPCLK1Freq  stm32f4xx_hal_rcc.o
    0x08000ca8   0x08000ca8   0x00000020   Code   RO         1454    i.HAL_RCC_GetPCLK2Freq  stm32f4xx_hal_rcc.o
    0x08000cc8   0x08000cc8   0x00000064   Code   RO         1455    i.HAL_RCC_GetSysClockFreq  stm32f4xx_hal_rcc.o
    0x08000d2c   0x08000d2c   0x00000358   Code   RO         1458    i.HAL_RCC_OscConfig  stm32f4xx_hal_rcc.o
    0x08001084   0x08001084   0x00000002   Code   RO         1178    i.HAL_TIMEx_BreakCallback  stm32f4xx_hal_tim_ex.o
    0x08001086   0x08001086   0x00000002   Code   RO         1179    i.HAL_TIMEx_CommutCallback  stm32f4xx_hal_tim_ex.o
    0x08001088   0x08001088   0x0000005a   Code   RO          474    i.HAL_TIM_Base_Init  stm32f4xx_hal_tim.o
    0x080010e2   0x080010e2   0x00000002   Code   RO          476    i.HAL_TIM_Base_MspInit  stm32f4xx_hal_tim.o
    0x080010e4   0x080010e4   0x00000080   Code   RO          479    i.HAL_TIM_Base_Start_IT  stm32f4xx_hal_tim.o
    0x08001164   0x08001164   0x00000002   Code   RO          508    i.HAL_TIM_IC_CaptureCallback  stm32f4xx_hal_tim.o
    0x08001166   0x08001166   0x00000130   Code   RO          522    i.HAL_TIM_IRQHandler  stm32f4xx_hal_tim.o
    0x08001296   0x08001296   0x00000002   Code   RO          525    i.HAL_TIM_OC_DelayElapsedCallback  stm32f4xx_hal_tim.o
    0x08001298   0x08001298   0x00000002   Code   RO          552    i.HAL_TIM_PWM_PulseFinishedCallback  stm32f4xx_hal_tim.o
    0x0800129a   0x0800129a   0x00000002   PAD
    0x0800129c   0x0800129c   0x00000014   Code   RO           14    i.HAL_TIM_PeriodElapsedCallback  main.o
    0x080012b0   0x080012b0   0x00000002   Code   RO          565    i.HAL_TIM_TriggerCallback  stm32f4xx_hal_tim.o
    0x080012b2   0x080012b2   0x00000002   Code   RO         2607    i.HAL_UARTEx_RxEventCallback  stm32f4xx_hal_uart.o
    0x080012b4   0x080012b4   0x00000002   Code   RO         2621    i.HAL_UART_ErrorCallback  stm32f4xx_hal_uart.o
    0x080012b6   0x080012b6   0x00000002   PAD
    0x080012b8   0x080012b8   0x00000280   Code   RO         2624    i.HAL_UART_IRQHandler  stm32f4xx_hal_uart.o
    0x08001538   0x08001538   0x00000064   Code   RO         2625    i.HAL_UART_Init     stm32f4xx_hal_uart.o
    0x0800159c   0x0800159c   0x000000b8   Code   RO          292    i.HAL_UART_MspInit  usart.o
    0x08001654   0x08001654   0x0000001c   Code   RO         2630    i.HAL_UART_Receive_IT  stm32f4xx_hal_uart.o
    0x08001670   0x08001670   0x00000060   Code   RO         4852    i.HAL_UART_RxCpltCallback  device_reader.o
    0x080016d0   0x080016d0   0x000000a0   Code   RO         2633    i.HAL_UART_Transmit  stm32f4xx_hal_uart.o
    0x08001770   0x08001770   0x00000002   Code   RO         2636    i.HAL_UART_TxCpltCallback  stm32f4xx_hal_uart.o
    0x08001772   0x08001772   0x00000002   Code   RO          341    i.HardFault_Handler  stm32f4xx_it.o
    0x08001774   0x08001774   0x00000044   Code   RO          237    i.MX_FREERTOS_Init  freertos.o
    0x080017b8   0x080017b8   0x0000002c   Code   RO          212    i.MX_GPIO_Init      gpio.o
    0x080017e4   0x080017e4   0x00000038   Code   RO          293    i.MX_USART1_UART_Init  usart.o
    0x0800181c   0x0800181c   0x00000038   Code   RO          294    i.MX_USART2_UART_Init  usart.o
    0x08001854   0x08001854   0x00000002   Code   RO          342    i.MemManage_Handler  stm32f4xx_it.o
    0x08001856   0x08001856   0x00000048   Code   RO         4802    i.MyControlTask     gimbal_motor.o
    0x0800189e   0x0800189e   0x00000002   Code   RO          343    i.NMI_Handler       stm32f4xx_it.o
    0x080018a0   0x080018a0   0x00000008   Code   RO          239    i.StartDefaultTask  freertos.o
    0x080018a8   0x080018a8   0x0000001a   Code   RO         4106    i.SysTick_Handler   cmsis_os2.o
    0x080018c2   0x080018c2   0x00000002   PAD
    0x080018c4   0x080018c4   0x00000094   Code   RO           15    i.SystemClock_Config  main.o
    0x08001958   0x08001958   0x00000010   Code   RO         2959    i.SystemInit        system_stm32f4xx.o
    0x08001968   0x08001968   0x0000000c   Code   RO          344    i.TIM6_DAC_IRQHandler  stm32f4xx_it.o
    0x08001974   0x08001974   0x000000d0   Code   RO          567    i.TIM_Base_SetConfig  stm32f4xx_hal_tim.o
    0x08001a44   0x08001a44   0x0000000e   Code   RO         2638    i.UART_DMAAbortOnError  stm32f4xx_hal_uart.o
    0x08001a52   0x08001a52   0x0000004e   Code   RO         2648    i.UART_EndRxTransfer  stm32f4xx_hal_uart.o
    0x08001aa0   0x08001aa0   0x000000c2   Code   RO         2650    i.UART_Receive_IT   stm32f4xx_hal_uart.o
    0x08001b62   0x08001b62   0x00000002   PAD
    0x08001b64   0x08001b64   0x0000010c   Code   RO         2651    i.UART_SetConfig    stm32f4xx_hal_uart.o
    0x08001c70   0x08001c70   0x00000036   Code   RO         2653    i.UART_Start_Receive_IT  stm32f4xx_hal_uart.o
    0x08001ca6   0x08001ca6   0x00000070   Code   RO         2654    i.UART_WaitOnFlagUntilTimeout  stm32f4xx_hal_uart.o
    0x08001d16   0x08001d16   0x00000002   PAD
    0x08001d18   0x08001d18   0x0000000c   Code   RO          345    i.USART2_IRQHandler  stm32f4xx_it.o
    0x08001d24   0x08001d24   0x00000002   Code   RO          346    i.UsageFault_Handler  stm32f4xx_it.o
    0x08001d26   0x08001d26   0x00000020   Code   RO         2205    i.__NVIC_SetPriority  stm32f4xx_hal_cortex.o
    0x08001d46   0x08001d46   0x00000002   PAD
    0x08001d48   0x08001d48   0x0000003c   Code   RO           16    i.main              main.o
    0x08001d84   0x08001d84   0x0000001a   Code   RO         4108    i.osDelay           cmsis_os2.o
    0x08001d9e   0x08001d9e   0x00000002   PAD
    0x08001da0   0x08001da0   0x00000024   Code   RO         4122    i.osKernelInitialize  cmsis_os2.o
    0x08001dc4   0x08001dc4   0x00000038   Code   RO         4125    i.osKernelStart     cmsis_os2.o
    0x08001dfc   0x08001dfc   0x00000064   Code   RO         4137    i.osMessageQueueGet  cmsis_os2.o
    0x08001e60   0x08001e60   0x00000058   Code   RO         4142    i.osMessageQueueNew  cmsis_os2.o
    0x08001eb8   0x08001eb8   0x00000068   Code   RO         4143    i.osMessageQueuePut  cmsis_os2.o
    0x08001f20   0x08001f20   0x00000088   Code   RO         4167    i.osThreadNew       cmsis_os2.o
    0x08001fa8   0x08001fa8   0x0000005c   Code   RO         3567    i.prvAddCurrentTaskToDelayedList  tasks.o
    0x08002004   0x08002004   0x000000d0   Code   RO         3568    i.prvAddNewTaskToReadyList  tasks.o
    0x080020d4   0x080020d4   0x00000058   Code   RO         3932    i.prvCheckForValidListAndQueue  timers.o
    0x0800212c   0x0800212c   0x00000026   Code   RO         3164    i.prvCopyDataFromQueue  queue.o
    0x08002152   0x08002152   0x0000006c   Code   RO         3165    i.prvCopyDataToQueue  queue.o
    0x080021be   0x080021be   0x00000034   Code   RO         3569    i.prvDeleteTCB      tasks.o
    0x080021f2   0x080021f2   0x00000002   PAD
    0x080021f4   0x080021f4   0x0000004c   Code   RO         4619    i.prvHeapInit       heap_4.o
    0x08002240   0x08002240   0x0000005c   Code   RO         3570    i.prvIdleTask       tasks.o
    0x0800229c   0x0800229c   0x00000020   Code   RO         3167    i.prvInitialiseNewQueue  queue.o
    0x080022bc   0x080022bc   0x000000aa   Code   RO         3571    i.prvInitialiseNewTask  tasks.o
    0x08002366   0x08002366   0x00000002   PAD
    0x08002368   0x08002368   0x0000004c   Code   RO         4620    i.prvInsertBlockIntoFreeList  heap_4.o
    0x080023b4   0x080023b4   0x00000038   Code   RO         3934    i.prvInsertTimerInActiveList  timers.o
    0x080023ec   0x080023ec   0x0000001a   Code   RO         3168    i.prvIsQueueEmpty   queue.o
    0x08002406   0x08002406   0x00000002   PAD
    0x08002408   0x08002408   0x000000fc   Code   RO         3935    i.prvProcessReceivedCommands  timers.o
    0x08002504   0x08002504   0x000000c0   Code   RO         3936    i.prvProcessTimerOrBlockTask  timers.o
    0x080025c4   0x080025c4   0x00000020   Code   RO         3573    i.prvResetNextTaskUnblockTime  tasks.o
    0x080025e4   0x080025e4   0x00000028   Code   RO         3937    i.prvSampleTimeNow  timers.o
    0x0800260c   0x0800260c   0x0000006c   Code   RO         3938    i.prvSwitchTimerLists  timers.o
    0x08002678   0x08002678   0x00000028   Code   RO         4675    i.prvTaskExitError  port.o
    0x080026a0   0x080026a0   0x00000028   Code   RO         3939    i.prvTimerTask      timers.o
    0x080026c8   0x080026c8   0x0000006a   Code   RO         3169    i.prvUnlockQueue    queue.o
    0x08002732   0x08002732   0x00000002   PAD
    0x08002734   0x08002734   0x000000dc   Code   RO         4621    i.pvPortMalloc      heap_4.o
    0x08002810   0x08002810   0x0000002c   Code   RO         4676    i.pxPortInitialiseStack  port.o
    0x0800283c   0x0800283c   0x00000026   Code   RO         3124    i.uxListRemove      list.o
    0x08002862   0x08002862   0x00000002   PAD
    0x08002864   0x08002864   0x00000014   Code   RO         4179    i.vApplicationGetIdleTaskMemory  cmsis_os2.o
    0x08002878   0x08002878   0x00000018   Code   RO         4180    i.vApplicationGetTimerTaskMemory  cmsis_os2.o
    0x08002890   0x08002890   0x00000016   Code   RO         3125    i.vListInitialise   list.o
    0x080028a6   0x080028a6   0x00000006   Code   RO         3126    i.vListInitialiseItem  list.o
    0x080028ac   0x080028ac   0x00000030   Code   RO         3127    i.vListInsert       list.o
    0x080028dc   0x080028dc   0x00000018   Code   RO         3128    i.vListInsertEnd    list.o
    0x080028f4   0x080028f4   0x00000040   Code   RO         4678    i.vPortEnterCritical  port.o
    0x08002934   0x08002934   0x00000028   Code   RO         4679    i.vPortExitCritical  port.o
    0x0800295c   0x0800295c   0x00000064   Code   RO         4622    i.vPortFree         heap_4.o
    0x080029c0   0x080029c0   0x00000024   Code   RO         4680    i.vPortSetupTimerInterrupt  port.o
    0x080029e4   0x080029e4   0x00000054   Code   RO         4681    i.vPortValidateInterruptPriority  port.o
    0x08002a38   0x08002a38   0x00000024   Code   RO         3175    i.vQueueAddToRegistry  queue.o
    0x08002a5c   0x08002a5c   0x00000044   Code   RO         3179    i.vQueueWaitForMessageRestricted  queue.o
    0x08002aa0   0x08002aa0   0x0000004c   Code   RO         3586    i.vTaskDelay        tasks.o
    0x08002aec   0x08002aec   0x00000010   Code   RO         3591    i.vTaskInternalSetTimeOutState  tasks.o
    0x08002afc   0x08002afc   0x0000000c   Code   RO         3592    i.vTaskMissedYield  tasks.o
    0x08002b08   0x08002b08   0x00000030   Code   RO         3594    i.vTaskPlaceOnEventList  tasks.o
    0x08002b38   0x08002b38   0x00000038   Code   RO         3595    i.vTaskPlaceOnEventListRestricted  tasks.o
    0x08002b70   0x08002b70   0x00000084   Code   RO         3603    i.vTaskStartScheduler  tasks.o
    0x08002bf4   0x08002bf4   0x00000010   Code   RO         3605    i.vTaskSuspendAll   tasks.o
    0x08002c04   0x08002c04   0x00000064   Code   RO         3606    i.vTaskSwitchContext  tasks.o
    0x08002c68   0x08002c68   0x000000f4   Code   RO         4682    i.xPortStartScheduler  port.o
    0x08002d5c   0x08002d5c   0x0000002c   Code   RO         4683    i.xPortSysTickHandler  port.o
    0x08002d88   0x08002d88   0x00000042   Code   RO         3184    i.xQueueGenericCreate  queue.o
    0x08002dca   0x08002dca   0x00000066   Code   RO         3185    i.xQueueGenericCreateStatic  queue.o
    0x08002e30   0x08002e30   0x00000088   Code   RO         3186    i.xQueueGenericReset  queue.o
    0x08002eb8   0x08002eb8   0x00000164   Code   RO         3187    i.xQueueGenericSend  queue.o
    0x0800301c   0x0800301c   0x000000be   Code   RO         3188    i.xQueueGenericSendFromISR  queue.o
    0x080030da   0x080030da   0x00000002   PAD
    0x080030dc   0x080030dc   0x00000138   Code   RO         3197    i.xQueueReceive     queue.o
    0x08003214   0x08003214   0x0000009a   Code   RO         3198    i.xQueueReceiveFromISR  queue.o
    0x080032ae   0x080032ae   0x00000002   PAD
    0x080032b0   0x080032b0   0x00000074   Code   RO         3608    i.xTaskCheckForTimeOut  tasks.o
    0x08003324   0x08003324   0x0000005a   Code   RO         3609    i.xTaskCreate       tasks.o
    0x0800337e   0x0800337e   0x0000005a   Code   RO         3610    i.xTaskCreateStatic  tasks.o
    0x080033d8   0x080033d8   0x0000001c   Code   RO         3614    i.xTaskGetSchedulerState  tasks.o
    0x080033f4   0x080033f4   0x0000000c   Code   RO         3615    i.xTaskGetTickCount  tasks.o
    0x08003400   0x08003400   0x000000c8   Code   RO         3617    i.xTaskIncrementTick  tasks.o
    0x080034c8   0x080034c8   0x0000007c   Code   RO         3620    i.xTaskPriorityDisinherit  tasks.o
    0x08003544   0x08003544   0x00000070   Code   RO         3622    i.xTaskRemoveFromEventList  tasks.o
    0x080035b4   0x080035b4   0x000000c0   Code   RO         3623    i.xTaskResumeAll    tasks.o
    0x08003674   0x08003674   0x00000060   Code   RO         3948    i.xTimerCreateTimerTask  timers.o
    0x080036d4   0x080036d4   0x00000064   Code   RO         3949    i.xTimerGenericCommand  timers.o
    0x08003738   0x08003738   0x0000000a   Code   RO         5006    x$fpl$fpinit        fz_wm.l(fpinit.o)
    0x08003742   0x08003742   0x00000002   PAD
    0x08003744   0x08003744   0x0000006c   Data   RO          240    .constdata          freertos.o
    0x080037b0   0x080037b0   0x00000010   Data   RO         2960    .constdata          system_stm32f4xx.o
    0x080037c0   0x080037c0   0x00000008   Data   RO         2961    .constdata          system_stm32f4xx.o
    0x080037c8   0x080037c8   0x00000024   Data   RO          241    .conststring        freertos.o
    0x080037ec   0x080037ec   0x00000020   Data   RO         5064    Region$$Table       anon$$obj.o


    Execution Region RW_IRAM1 (Exec base: 0x20000000, Load base: 0x0800380c, Size: 0x000050c0, Max: 0x0001c000, ABSOLUTE)

    Exec Addr    Load Addr    Size         Type   Attr      Idx    E Section Name        Object

    0x20000000   0x0800380c   0x0000000c   Data   RW          242    .data               freertos.o
    0x2000000c   0x08003818   0x0000000c   Data   RW         2364    .data               stm32f4xx_hal.o
    0x20000018   0x08003824   0x00000004   Data   RW         2962    .data               system_stm32f4xx.o
    0x2000001c   0x08003828   0x0000003c   Data   RW         3626    .data               tasks.o
    0x20000058   0x08003864   0x00000014   Data   RW         3957    .data               timers.o
    0x2000006c   0x08003878   0x00000004   Data   RW         4182    .data               cmsis_os2.o
    0x20000070   0x0800387c   0x00000020   Data   RW         4628    .data               heap_4.o
    0x20000090   0x0800389c   0x0000000c   Data   RW         4684    .data               port.o
    0x2000009c   0x080038a8   0x00000004   Data   RW         4803    .data               gimbal_motor.o
    0x200000a0   0x080038ac   0x00000013   Data   RW         4853    .data               device_reader.o
    0x200000b3   0x080038bf   0x00000001   PAD
    0x200000b4        -       0x00000090   Zero   RW          295    .bss                usart.o
    0x20000144        -       0x00000048   Zero   RW          436    .bss                stm32f4xx_hal_timebase_tim.o
    0x2000018c        -       0x00000040   Zero   RW         3201    .bss                queue.o
    0x200001cc        -       0x000004c4   Zero   RW         3625    .bss                tasks.o
    0x20000690        -       0x00000118   Zero   RW         3956    .bss                timers.o
    0x200007a8        -       0x000006b8   Zero   RW         4181    .bss                cmsis_os2.o
    0x20000e60        -       0x00003c00   Zero   RW         4627    .bss                heap_4.o
    0x20004a60        -       0x00000060   Zero   RW         4936    .bss                c_w.l(libspace.o)
    0x20004ac0        -       0x00000200   Zero   RW            2    HEAP                startup_stm32f407xx.o
    0x20004cc0        -       0x00000400   Zero   RW            1    STACK               startup_stm32f407xx.o


    Execution Region RW_IRAM2 (Exec base: 0x2001c000, Load base: 0x080038c0, Size: 0x00000000, Max: 0x00004000, ABSOLUTE)

    **** No section assigned to this execution region ****


==============================================================================

Image component sizes


      Code (inc. data)   RO Data    RW Data    ZI Data      Debug   Object Name

        18          0          0          0          0       1498   bsp_usart.o
       616         30          0          4       1720      69239   cmsis_os2.o
        96         14          0         19          0       1576   device_reader.o
         0          0          0          0          0      19672   event_groups.o
        76         22        144         12          0       2123   freertos.o
       252         28          0          4          0       4461   gimbal_motor.o
        44          6          0          0          0        891   gpio.o
       472         24          0         32      15360       5215   heap_4.o
       138          0          0          0          0       3814   list.o
       232         22          0          0          0     705100   main.o
       786         80          0         12          0      12037   port.o
      1730         18          0          0         64      20697   queue.o
        64         26        392          0       1536        888   startup_stm32f407xx.o
        80         14          0         12          0       8354   stm32f4xx_hal.o
       158         14          0          0          0      33218   stm32f4xx_hal_cortex.o
       182          0          0          0          0       2231   stm32f4xx_hal_dma.o
       464         46          0          0          0       1720   stm32f4xx_hal_gpio.o
        56          4          0          0          0        958   stm32f4xx_hal_msp.o
      1392         86          0          0          0       6369   stm32f4xx_hal_rcc.o
       740         72          0          0          0       8140   stm32f4xx_hal_tim.o
         4          0          0          0          0       1813   stm32f4xx_hal_tim_ex.o
       152         20          0          0         72       1615   stm32f4xx_hal_timebase_tim.o
      1654         14          0          0          0      12140   stm32f4xx_hal_uart.o
        36         12          0          0          0       4087   stm32f4xx_it.o
         0          0          0          0          0        392   stream_buffer.o
        16          4         24          4          0       1259   system_stm32f4xx.o
      2066        160          0         60       1220      28136   tasks.o
       972         82          0         20        280      32927   timers.o
       296         34          0          0        144       2671   usart.o

    ----------------------------------------------------------------------
     12826        832        592        180      20396     993241   Object Totals
         0          0         32          0          0          0   (incl. Generated)
        34          0          0          1          0          0   (incl. Padding)

    ----------------------------------------------------------------------

      Code (inc. data)   RO Data    RW Data    ZI Data      Debug   Library Member Name

         8          0          0          0          0         68   __main.o
         0          0          0          0          0          0   __rtentry.o
        12          0          0          0          0          0   __rtentry2.o
         6          0          0          0          0          0   __rtentry4.o
        52          8          0          0          0          0   __scatter.o
        26          0          0          0          0          0   __scatter_copy.o
        28          0          0          0          0          0   __scatter_zi.o
        16          0          0          0          0         68   aeabi_memset.o
        18          0          0          0          0         80   exit.o
         6          0          0          0          0        152   heapauxi.o
         0          0          0          0          0          0   indicate_semi.o
         2          0          0          0          0          0   libinit.o
         6          0          0          0          0          0   libinit2.o
         2          0          0          0          0          0   libshutdown.o
         2          0          0          0          0          0   libshutdown2.o
         8          4          0          0         96         68   libspace.o
       238          0          0          0          0        100   lludivv7m.o
        68          0          0          0          0         68   rt_memclr.o
        78          0          0          0          0         80   rt_memclr_w.o
       138          0          0          0          0         68   rt_memcpy_v6.o
       100          0          0          0          0         80   rt_memcpy_w.o
         2          0          0          0          0          0   rtexit.o
        10          0          0          0          0          0   rtexit2.o
        12          4          0          0          0         68   sys_exit.o
        74          0          0          0          0         80   sys_stackheap_outer.o
         2          0          0          0          0         68   use_no_semi.o
        10          0          0          0          0        116   fpinit.o

    ----------------------------------------------------------------------
       930         16          0          0         96       1164   Library Totals
         6          0          0          0          0          0   (incl. Padding)

    ----------------------------------------------------------------------

      Code (inc. data)   RO Data    RW Data    ZI Data      Debug   Library Name

       914         16          0          0         96       1048   c_w.l
        10          0          0          0          0        116   fz_wm.l

    ----------------------------------------------------------------------
       930         16          0          0         96       1164   Library Totals

    ----------------------------------------------------------------------

==============================================================================


      Code (inc. data)   RO Data    RW Data    ZI Data      Debug   

     13756        848        592        180      20492     980537   Grand Totals
     13756        848        592        180      20492     980537   ELF Image Totals
     13756        848        592        180          0          0   ROM Totals

==============================================================================

    Total RO  Size (Code + RO Data)                14348 (  14.01kB)
    Total RW  Size (RW Data + ZI Data)             20672 (  20.19kB)
    Total ROM Size (Code + RO Data + RW Data)      14528 (  14.19kB)

==============================================================================

