<html>
<body>
<pre>
<h1>µVision Build Log</h1>
<h2>Tool Versions:</h2>
IDE-Version: ¦ÌVision V5.41.0.0
Copyright (C) 2024 ARM Ltd and ARM Germany GmbH. All rights reserved.
License Information: Yaolin Zhao, njust, LIC=HN0AE-5N3R6-TGD7T-R0KR1-XBRKU-UHE44
 
Tool Versions:
Toolchain:       MDK-ARM Plus  Version: 5.41.0.0
Toolchain Path:  D:\Keil_v5\ARM\ARMCLANG\Bin
C Compiler:      ArmClang.exe V6.22
Assembler:       Armasm.exe V6.22
Linker/Locator:  ArmLink.exe V6.22
Library Manager: ArmAr.exe V6.22
Hex Converter:   FromElf.exe V6.22
CPU DLL:         SARMCM3.DLL V5.41.0.0
Dialog DLL:      DARMCM1.DLL V1.19.6.0
Target DLL:      Segger\JL2CM3.dll V2.99.45.0
Dialog DLL:      TARMCM1.DLL V1.14.6.0
 
<h2>Project:</h2>
D:\TI_Competition_project_in_2025\wheeltec\WHEELTEC_C07A_OLED\WHEELTEC_C07A_OLED\keil\empty_LP_MSPM0G3507_nortos_keil.uvprojx
Project File Date:  07/24/2025

<h2>Output:</h2>
*** Using Compiler 'V6.22', folder: 'D:\Keil_v5\ARM\ARMCLANG\Bin'
Build target 'MSPM0G3507_Project'
Before Build - User command #1: cmd.exe /C "D:\TI_Competition_project_in_2025\wheeltec\WHEELTEC_C07A_OLED\WHEELTEC_C07A_OLED\keil\../tools/keil/syscfg.bat 'D:\TI_Competition_project_in_2025\wheeltec\WHEELTEC_C07A_OLED\WHEELTEC_C07A_OLED\keil\' empty.syscfg"
Couldn't find Sysconfig Tool "C:\ti\sysconfig_1.20.0\sysconfig_cli.bat"
"Update the file located at <sdk path>/tools/keil/syscfg.bat"
compiling ti_msp_dl_config.c...
compiling led.c...
../empty.c(44): warning: passing 'char[15]' to parameter of type 'const uint8_t *' (aka 'const unsigned char *') converts between pointers to integer types where one is of the unique plain 'char' type and the other is not [-Wpointer-sign]
   44 |                 OLED_ShowString(0,0,"HELLO WHEELTEC");
      |                                     ^~~~~~~~~~~~~~~~
../Hardware\oled.h(22): note: passing argument to parameter 'p' here
   22 | void OLED_ShowString(uint8_t x,uint8_t y,const uint8_t *p);
      |                                                         ^
1 warning generated.
compiling empty.c...
compiling board.c...
compiling oled.c...
linking...
Program Size: Code=3236 RO-data=2936 RW-data=4 ZI-data=5132  
FromELF: creating hex file...
".\Objects\empty_LP_MSPM0G3507_nortos_keil.axf" - 0 Error(s), 1 Warning(s).

<h2>Software Packages used:</h2>

Package Vendor: TexasInstruments
                https://software-dl.ti.com/msp430/esd/MSPM0-CMSIS/MSPM0G1X0X_G3X0X/latest/exports/TexasInstruments.MSPM0G1X0X_G3X0X_DFP.1.3.1.pack
                TexasInstruments::MSPM0G1X0X_G3X0X_DFP@1.3.1
                Device Family Pack for Texas Instruments MSPM0G1X0X_G3X0X Series

<h2>Collection of Component include folders:</h2>

<h2>Collection of Component Files used:</h2>
Build Time Elapsed:  00:00:03
</pre>
</body>
</html>
